// Vitest Snapshot v1

exports[`Data converter > loads recipe of an item 1`] = `
{
  "category": "building",
  "key": {
    "#": {
      "item": "minecraft:string",
    },
  },
  "pattern": [
    "##",
    "##",
  ],
  "result": {
    "item": "minecraft:white_wool",
  },
  "type": "minecraft:crafting_shaped",
}
`;
