// Vitest Snapshot v1

exports[`Language util > gets translation of an item 1`] = `
{
  "canBreak": "부술 수 있는 것:",
  "canPlace": "이 위에 설치 가능:",
  "color": "색: %s",
  "durability": "내구도: %s / %s",
  "dyed": "염색됨",
  "minecraft:acacia_boat": "아카시아나무 보트",
  "minecraft:acacia_button": "아카시아나무 버튼",
  "minecraft:acacia_chest_boat": "상자가 실린 아카시아나무 보트",
  "minecraft:acacia_door": "아카시아나무 문",
  "minecraft:acacia_fence": "아카시아나무 울타리",
  "minecraft:acacia_fence_gate": "아카시아나무 울타리 문",
  "minecraft:acacia_leaves": "아카시아나무 잎",
  "minecraft:acacia_log": "아카시아나무 원목",
  "minecraft:acacia_planks": "아카시아나무 판자",
  "minecraft:acacia_pressure_plate": "아카시아나무 압력판",
  "minecraft:acacia_sapling": "아카시아나무 묘목",
  "minecraft:acacia_sign": "아카시아나무 표지판",
  "minecraft:acacia_slab": "아카시아나무 반 블록",
  "minecraft:acacia_stairs": "아카시아나무 계단",
  "minecraft:acacia_trapdoor": "아카시아나무 다락문",
  "minecraft:acacia_wall_sign": "아카시아나무 벽 표지판",
  "minecraft:acacia_wood": "아카시아나무",
  "minecraft:activator_rail": "활성화 레일",
  "minecraft:air": "공기",
  "minecraft:allay_spawn_egg": "알레이 생성 알",
  "minecraft:allium": "파꽃",
  "minecraft:amethyst_block": "자수정 블록",
  "minecraft:amethyst_cluster": "자수정 군집",
  "minecraft:amethyst_shard": "자수정 조각",
  "minecraft:ancient_debris": "고대 잔해",
  "minecraft:andesite": "안산암",
  "minecraft:andesite_slab": "안산암 반 블록",
  "minecraft:andesite_stairs": "안산암 계단",
  "minecraft:andesite_wall": "안산암 담장",
  "minecraft:anvil": "모루",
  "minecraft:apple": "사과",
  "minecraft:armor_stand": "갑옷 거치대",
  "minecraft:arrow": "화살",
  "minecraft:attached_melon_stem": "수박이 달린 줄기",
  "minecraft:attached_pumpkin_stem": "호박이 달린 줄기",
  "minecraft:axolotl_bucket": "아홀로틀이 담긴 양동이",
  "minecraft:axolotl_spawn_egg": "아홀로틀 생성 알",
  "minecraft:azalea": "진달래",
  "minecraft:azalea_leaves": "진달래 잎",
  "minecraft:azure_bluet": "선애기별꽃",
  "minecraft:baked_potato": "구운 감자",
  "minecraft:bamboo": "대나무",
  "minecraft:bamboo_sapling": "죽순",
  "minecraft:banner:base:black": "검은색 바탕",
  "minecraft:banner:base:blue": "파란색 바탕",
  "minecraft:banner:base:brown": "갈색 바탕",
  "minecraft:banner:base:cyan": "청록색 바탕",
  "minecraft:banner:base:gray": "회색 바탕",
  "minecraft:banner:base:green": "초록색 바탕",
  "minecraft:banner:base:light_blue": "하늘색 바탕",
  "minecraft:banner:base:light_gray": "회백색 바탕",
  "minecraft:banner:base:lime": "연두색 바탕",
  "minecraft:banner:base:magenta": "자홍색 바탕",
  "minecraft:banner:base:orange": "주황색 바탕",
  "minecraft:banner:base:pink": "분홍색 바탕",
  "minecraft:banner:base:purple": "보라색 바탕",
  "minecraft:banner:base:red": "빨간색 바탕",
  "minecraft:banner:base:white": "하얀색 바탕",
  "minecraft:banner:base:yellow": "노란색 바탕",
  "minecraft:banner:border:black": "검은색 테두리",
  "minecraft:banner:border:blue": "파란색 테두리",
  "minecraft:banner:border:brown": "갈색 테두리",
  "minecraft:banner:border:cyan": "청록색 테두리",
  "minecraft:banner:border:gray": "회색 테두리",
  "minecraft:banner:border:green": "초록색 테두리",
  "minecraft:banner:border:light_blue": "하늘색 테두리",
  "minecraft:banner:border:light_gray": "회백색 테두리",
  "minecraft:banner:border:lime": "연두색 테두리",
  "minecraft:banner:border:magenta": "자홍색 테두리",
  "minecraft:banner:border:orange": "주황색 테두리",
  "minecraft:banner:border:pink": "분홍색 테두리",
  "minecraft:banner:border:purple": "보라색 테두리",
  "minecraft:banner:border:red": "빨간색 테두리",
  "minecraft:banner:border:white": "하얀색 테두리",
  "minecraft:banner:border:yellow": "노란색 테두리",
  "minecraft:banner:bricks:black": "검은색 벽돌 무늬",
  "minecraft:banner:bricks:blue": "파란색 벽돌 무늬",
  "minecraft:banner:bricks:brown": "갈색 벽돌 무늬",
  "minecraft:banner:bricks:cyan": "청록색 벽돌 무늬",
  "minecraft:banner:bricks:gray": "회색 벽돌 무늬",
  "minecraft:banner:bricks:green": "초록색 벽돌 무늬",
  "minecraft:banner:bricks:light_blue": "하늘색 벽돌 무늬",
  "minecraft:banner:bricks:light_gray": "회백색 벽돌 무늬",
  "minecraft:banner:bricks:lime": "연두색 벽돌 무늬",
  "minecraft:banner:bricks:magenta": "자홍색 벽돌 무늬",
  "minecraft:banner:bricks:orange": "주황색 벽돌 무늬",
  "minecraft:banner:bricks:pink": "분홍색 벽돌 무늬",
  "minecraft:banner:bricks:purple": "보라색 벽돌 무늬",
  "minecraft:banner:bricks:red": "빨간색 벽돌 무늬",
  "minecraft:banner:bricks:white": "하얀색 벽돌 무늬",
  "minecraft:banner:bricks:yellow": "노란색 벽돌 무늬",
  "minecraft:banner:circle:black": "검은색 원",
  "minecraft:banner:circle:blue": "파란색 원",
  "minecraft:banner:circle:brown": "갈색 원",
  "minecraft:banner:circle:cyan": "청록색 원",
  "minecraft:banner:circle:gray": "회색 원",
  "minecraft:banner:circle:green": "초록색 원",
  "minecraft:banner:circle:light_blue": "하늘색 원",
  "minecraft:banner:circle:light_gray": "회백색 원",
  "minecraft:banner:circle:lime": "연두색 원",
  "minecraft:banner:circle:magenta": "자홍색 원",
  "minecraft:banner:circle:orange": "주황색 원",
  "minecraft:banner:circle:pink": "분홍색 원",
  "minecraft:banner:circle:purple": "보라색 원",
  "minecraft:banner:circle:red": "빨간색 원",
  "minecraft:banner:circle:white": "하얀색 원",
  "minecraft:banner:circle:yellow": "노란색 원",
  "minecraft:banner:creeper:black": "검은색 크리퍼 모양",
  "minecraft:banner:creeper:blue": "파란색 크리퍼 모양",
  "minecraft:banner:creeper:brown": "갈색 크리퍼 모양",
  "minecraft:banner:creeper:cyan": "청록색 크리퍼 모양",
  "minecraft:banner:creeper:gray": "회색 크리퍼 모양",
  "minecraft:banner:creeper:green": "초록색 크리퍼 모양",
  "minecraft:banner:creeper:light_blue": "하늘색 크리퍼 모양",
  "minecraft:banner:creeper:light_gray": "회백색 크리퍼 모양",
  "minecraft:banner:creeper:lime": "연두색 크리퍼 모양",
  "minecraft:banner:creeper:magenta": "자홍색 크리퍼 모양",
  "minecraft:banner:creeper:orange": "주황색 크리퍼 모양",
  "minecraft:banner:creeper:pink": "분홍색 크리퍼 모양",
  "minecraft:banner:creeper:purple": "보라색 크리퍼 모양",
  "minecraft:banner:creeper:red": "빨간색 크리퍼 모양",
  "minecraft:banner:creeper:white": "하얀색 크리퍼 모양",
  "minecraft:banner:creeper:yellow": "노란색 크리퍼 모양",
  "minecraft:banner:cross:black": "검은색 X자형 십자",
  "minecraft:banner:cross:blue": "파란색 X자형 십자",
  "minecraft:banner:cross:brown": "갈색 X자형 십자",
  "minecraft:banner:cross:cyan": "청록색 X자형 십자",
  "minecraft:banner:cross:gray": "회색 X자형 십자",
  "minecraft:banner:cross:green": "초록색 X자형 십자",
  "minecraft:banner:cross:light_blue": "하늘색 X자형 십자",
  "minecraft:banner:cross:light_gray": "회백색 X자형 십자",
  "minecraft:banner:cross:lime": "연두색 X자형 십자",
  "minecraft:banner:cross:magenta": "자홍색 X자형 십자",
  "minecraft:banner:cross:orange": "주황색 X자형 십자",
  "minecraft:banner:cross:pink": "분홍색 X자형 십자",
  "minecraft:banner:cross:purple": "보라색 X자형 십자",
  "minecraft:banner:cross:red": "빨간색 X자형 십자",
  "minecraft:banner:cross:white": "하얀색 X자형 십자",
  "minecraft:banner:cross:yellow": "노란색 X자형 십자",
  "minecraft:banner:curly_border:black": "검은색 톱니 테두리",
  "minecraft:banner:curly_border:blue": "파란색 톱니 테두리",
  "minecraft:banner:curly_border:brown": "갈색 톱니 테두리",
  "minecraft:banner:curly_border:cyan": "청록색 톱니 테두리",
  "minecraft:banner:curly_border:gray": "회색 톱니 테두리",
  "minecraft:banner:curly_border:green": "초록색 톱니 테두리",
  "minecraft:banner:curly_border:light_blue": "하늘색 톱니 테두리",
  "minecraft:banner:curly_border:light_gray": "회백색 톱니 테두리",
  "minecraft:banner:curly_border:lime": "연두색 톱니 테두리",
  "minecraft:banner:curly_border:magenta": "자홍색 톱니 테두리",
  "minecraft:banner:curly_border:orange": "주황색 톱니 테두리",
  "minecraft:banner:curly_border:pink": "분홍색 톱니 테두리",
  "minecraft:banner:curly_border:purple": "보라색 톱니 테두리",
  "minecraft:banner:curly_border:red": "빨간색 톱니 테두리",
  "minecraft:banner:curly_border:white": "하얀색 톱니 테두리",
  "minecraft:banner:curly_border:yellow": "노란색 톱니 테두리",
  "minecraft:banner:diagonal_left:black": "검은색 왼쪽 위로부터의 사선 상부",
  "minecraft:banner:diagonal_left:blue": "파란색 왼쪽 위로부터의 사선 상부",
  "minecraft:banner:diagonal_left:brown": "갈색 왼쪽 위로부터의 사선 상부",
  "minecraft:banner:diagonal_left:cyan": "청록색 왼쪽 위로부터의 사선 상부",
  "minecraft:banner:diagonal_left:gray": "회색 왼쪽 위로부터의 사선 상부",
  "minecraft:banner:diagonal_left:green": "초록색 왼쪽 위로부터의 사선 상부",
  "minecraft:banner:diagonal_left:light_blue": "하늘색 왼쪽 위로부터의 사선 상부",
  "minecraft:banner:diagonal_left:light_gray": "회백색 왼쪽 위로부터의 사선 상부",
  "minecraft:banner:diagonal_left:lime": "연두색 왼쪽 위로부터의 사선 상부",
  "minecraft:banner:diagonal_left:magenta": "자홍색 왼쪽 위로부터의 사선 상부",
  "minecraft:banner:diagonal_left:orange": "주황색 왼쪽 위로부터의 사선 상부",
  "minecraft:banner:diagonal_left:pink": "분홍색 왼쪽 위로부터의 사선 상부",
  "minecraft:banner:diagonal_left:purple": "보라색 왼쪽 위로부터의 사선 상부",
  "minecraft:banner:diagonal_left:red": "빨간색 왼쪽 위로부터의 사선 상부",
  "minecraft:banner:diagonal_left:white": "하얀색 왼쪽 위로부터의 사선 상부",
  "minecraft:banner:diagonal_left:yellow": "노란색 왼쪽 위로부터의 사선 상부",
  "minecraft:banner:diagonal_right:black": "검은색 오른쪽 위로부터의 사선 상부",
  "minecraft:banner:diagonal_right:blue": "파란색 오른쪽 위로부터의 사선 상부",
  "minecraft:banner:diagonal_right:brown": "갈색 오른쪽 위로부터의 사선 상부",
  "minecraft:banner:diagonal_right:cyan": "청록색 오른쪽 위로부터의 사선 상부",
  "minecraft:banner:diagonal_right:gray": "회색 오른쪽 위로부터의 사선 상부",
  "minecraft:banner:diagonal_right:green": "초록색 오른쪽 위로부터의 사선 상부",
  "minecraft:banner:diagonal_right:light_blue": "하늘색 오른쪽 위로부터의 사선 상부",
  "minecraft:banner:diagonal_right:light_gray": "회백색 오른쪽 위로부터의 사선 상부",
  "minecraft:banner:diagonal_right:lime": "연두색 오른쪽 위로부터의 사선 상부",
  "minecraft:banner:diagonal_right:magenta": "자홍색 오른쪽 위로부터의 사선 상부",
  "minecraft:banner:diagonal_right:orange": "주황색 오른쪽 위로부터의 사선 상부",
  "minecraft:banner:diagonal_right:pink": "분홍색 오른쪽 위로부터의 사선 상부",
  "minecraft:banner:diagonal_right:purple": "보라색 오른쪽 위로부터의 사선 상부",
  "minecraft:banner:diagonal_right:red": "빨간색 오른쪽 위로부터의 사선 상부",
  "minecraft:banner:diagonal_right:white": "하얀색 오른쪽 위로부터의 사선 상부",
  "minecraft:banner:diagonal_right:yellow": "노란색 오른쪽 위로부터의 사선 상부",
  "minecraft:banner:diagonal_up_left:black": "검은색 오른쪽 위로부터의 사선 하부",
  "minecraft:banner:diagonal_up_left:blue": "파란색 오른쪽 위로부터의 사선 하부",
  "minecraft:banner:diagonal_up_left:brown": "갈색 오른쪽 위로부터의 사선 하부",
  "minecraft:banner:diagonal_up_left:cyan": "청록색 오른쪽 위로부터의 사선 하부",
  "minecraft:banner:diagonal_up_left:gray": "회색 오른쪽 위로부터의 사선 하부",
  "minecraft:banner:diagonal_up_left:green": "초록색 오른쪽 위로부터의 사선 하부",
  "minecraft:banner:diagonal_up_left:light_blue": "하늘색 오른쪽 위로부터의 사선 하부",
  "minecraft:banner:diagonal_up_left:light_gray": "회백색 오른쪽 위로부터의 사선 하부",
  "minecraft:banner:diagonal_up_left:lime": "연두색 오른쪽 위로부터의 사선 하부",
  "minecraft:banner:diagonal_up_left:magenta": "자홍색 오른쪽 위로부터의 사선 하부",
  "minecraft:banner:diagonal_up_left:orange": "주황색 오른쪽 위로부터의 사선 하부",
  "minecraft:banner:diagonal_up_left:pink": "분홍색 오른쪽 위로부터의 사선 하부",
  "minecraft:banner:diagonal_up_left:purple": "보라색 오른쪽 위로부터의 사선 하부",
  "minecraft:banner:diagonal_up_left:red": "빨간색 오른쪽 위로부터의 사선 하부",
  "minecraft:banner:diagonal_up_left:white": "하얀색 오른쪽 위로부터의 사선 하부",
  "minecraft:banner:diagonal_up_left:yellow": "노란색 오른쪽 위로부터의 사선 하부",
  "minecraft:banner:diagonal_up_right:black": "검은색 왼쪽 위로부터의 사선 하부",
  "minecraft:banner:diagonal_up_right:blue": "파란색 왼쪽 위로부터의 사선 하부",
  "minecraft:banner:diagonal_up_right:brown": "갈색 왼쪽 위로부터의 사선 하부",
  "minecraft:banner:diagonal_up_right:cyan": "청록색 왼쪽 위로부터의 사선 하부",
  "minecraft:banner:diagonal_up_right:gray": "회색 왼쪽 위로부터의 사선 하부",
  "minecraft:banner:diagonal_up_right:green": "초록색 왼쪽 위로부터의 사선 하부",
  "minecraft:banner:diagonal_up_right:light_blue": "하늘색 왼쪽 위로부터의 사선 하부",
  "minecraft:banner:diagonal_up_right:light_gray": "회백색 왼쪽 위로부터의 사선 하부",
  "minecraft:banner:diagonal_up_right:lime": "연두색 왼쪽 위로부터의 사선 하부",
  "minecraft:banner:diagonal_up_right:magenta": "자홍색 왼쪽 위로부터의 사선 하부",
  "minecraft:banner:diagonal_up_right:orange": "주황색 왼쪽 위로부터의 사선 하부",
  "minecraft:banner:diagonal_up_right:pink": "분홍색 왼쪽 위로부터의 사선 하부",
  "minecraft:banner:diagonal_up_right:purple": "보라색 왼쪽 위로부터의 사선 하부",
  "minecraft:banner:diagonal_up_right:red": "빨간색 왼쪽 위로부터의 사선 하부",
  "minecraft:banner:diagonal_up_right:white": "하얀색 왼쪽 위로부터의 사선 하부",
  "minecraft:banner:diagonal_up_right:yellow": "노란색 왼쪽 위로부터의 사선 하부",
  "minecraft:banner:flower:black": "검은색 꽃 모양",
  "minecraft:banner:flower:blue": "파란색 꽃 모양",
  "minecraft:banner:flower:brown": "갈색 꽃 모양",
  "minecraft:banner:flower:cyan": "청록색 꽃 모양",
  "minecraft:banner:flower:gray": "회색 꽃 모양",
  "minecraft:banner:flower:green": "초록색 꽃 모양",
  "minecraft:banner:flower:light_blue": "하늘색 꽃 모양",
  "minecraft:banner:flower:light_gray": "회백색 꽃 모양",
  "minecraft:banner:flower:lime": "연두색 꽃 모양",
  "minecraft:banner:flower:magenta": "자홍색 꽃 모양",
  "minecraft:banner:flower:orange": "주황색 꽃 모양",
  "minecraft:banner:flower:pink": "분홍색 꽃 모양",
  "minecraft:banner:flower:purple": "보라색 꽃 모양",
  "minecraft:banner:flower:red": "빨간색 꽃 모양",
  "minecraft:banner:flower:white": "하얀색 꽃 모양",
  "minecraft:banner:flower:yellow": "노란색 꽃 모양",
  "minecraft:banner:globe:black": "검은색 지구 모양",
  "minecraft:banner:globe:blue": "파란색 지구 모양",
  "minecraft:banner:globe:brown": "갈색 지구 모양",
  "minecraft:banner:globe:cyan": "청록색 지구 모양",
  "minecraft:banner:globe:gray": "회색 지구 모양",
  "minecraft:banner:globe:green": "초록색 지구 모양",
  "minecraft:banner:globe:light_blue": "하늘색 지구 모양",
  "minecraft:banner:globe:light_gray": "회백색 지구 모양",
  "minecraft:banner:globe:lime": "연두색 지구 모양",
  "minecraft:banner:globe:magenta": "자홍색 지구 모양",
  "minecraft:banner:globe:orange": "주황색 지구 모양",
  "minecraft:banner:globe:pink": "분홍색 지구 모양",
  "minecraft:banner:globe:purple": "보라색 지구 모양",
  "minecraft:banner:globe:red": "빨간색 지구 모양",
  "minecraft:banner:globe:white": "하얀색 지구 모양",
  "minecraft:banner:globe:yellow": "노란색 지구 모양",
  "minecraft:banner:gradient:black": "검은색 위쪽 그라데이션",
  "minecraft:banner:gradient:blue": "파란색 위쪽 그라데이션",
  "minecraft:banner:gradient:brown": "갈색 위쪽 그라데이션",
  "minecraft:banner:gradient:cyan": "청록색 위쪽 그라데이션",
  "minecraft:banner:gradient:gray": "회색 위쪽 그라데이션",
  "minecraft:banner:gradient:green": "초록색 위쪽 그라데이션",
  "minecraft:banner:gradient:light_blue": "하늘색 위쪽 그라데이션",
  "minecraft:banner:gradient:light_gray": "회백색 위쪽 그라데이션",
  "minecraft:banner:gradient:lime": "연두색 위쪽 그라데이션",
  "minecraft:banner:gradient:magenta": "자홍색 위쪽 그라데이션",
  "minecraft:banner:gradient:orange": "주황색 위쪽 그라데이션",
  "minecraft:banner:gradient:pink": "분홍색 위쪽 그라데이션",
  "minecraft:banner:gradient:purple": "보라색 위쪽 그라데이션",
  "minecraft:banner:gradient:red": "빨간색 위쪽 그라데이션",
  "minecraft:banner:gradient:white": "하얀색 위쪽 그라데이션",
  "minecraft:banner:gradient:yellow": "노란색 위쪽 그라데이션",
  "minecraft:banner:gradient_up:black": "검은색 아래쪽 그라데이션",
  "minecraft:banner:gradient_up:blue": "파란색 아래쪽 그라데이션",
  "minecraft:banner:gradient_up:brown": "갈색 아래쪽 그라데이션",
  "minecraft:banner:gradient_up:cyan": "청록색 아래쪽 그라데이션",
  "minecraft:banner:gradient_up:gray": "회색 아래쪽 그라데이션",
  "minecraft:banner:gradient_up:green": "초록색 아래쪽 그라데이션",
  "minecraft:banner:gradient_up:light_blue": "하늘색 아래쪽 그라데이션",
  "minecraft:banner:gradient_up:light_gray": "회백색 아래쪽 그라데이션",
  "minecraft:banner:gradient_up:lime": "연두색 아래쪽 그라데이션",
  "minecraft:banner:gradient_up:magenta": "자홍색 아래쪽 그라데이션",
  "minecraft:banner:gradient_up:orange": "주황색 아래쪽 그라데이션",
  "minecraft:banner:gradient_up:pink": "분홍색 아래쪽 그라데이션",
  "minecraft:banner:gradient_up:purple": "보라색 아래쪽 그라데이션",
  "minecraft:banner:gradient_up:red": "빨간색 아래쪽 그라데이션",
  "minecraft:banner:gradient_up:white": "하얀색 아래쪽 그라데이션",
  "minecraft:banner:gradient_up:yellow": "노란색 아래쪽 그라데이션",
  "minecraft:banner:half_horizontal:black": "검은색 중앙 가로선 상부",
  "minecraft:banner:half_horizontal:blue": "파란색 중앙 가로선 상부",
  "minecraft:banner:half_horizontal:brown": "갈색 중앙 가로선 상부",
  "minecraft:banner:half_horizontal:cyan": "청록색 중앙 가로선 상부",
  "minecraft:banner:half_horizontal:gray": "회색 중앙 가로선 상부",
  "minecraft:banner:half_horizontal:green": "초록색 중앙 가로선 상부",
  "minecraft:banner:half_horizontal:light_blue": "하늘색 중앙 가로선 상부",
  "minecraft:banner:half_horizontal:light_gray": "회백색 중앙 가로선 상부",
  "minecraft:banner:half_horizontal:lime": "연두색 중앙 가로선 상부",
  "minecraft:banner:half_horizontal:magenta": "자홍색 중앙 가로선 상부",
  "minecraft:banner:half_horizontal:orange": "주황색 중앙 가로선 상부",
  "minecraft:banner:half_horizontal:pink": "분홍색 중앙 가로선 상부",
  "minecraft:banner:half_horizontal:purple": "보라색 중앙 가로선 상부",
  "minecraft:banner:half_horizontal:red": "빨간색 중앙 가로선 상부",
  "minecraft:banner:half_horizontal:white": "하얀색 중앙 가로선 상부",
  "minecraft:banner:half_horizontal:yellow": "노란색 중앙 가로선 상부",
  "minecraft:banner:half_horizontal_bottom:black": "검은색 중앙 가로선 하부",
  "minecraft:banner:half_horizontal_bottom:blue": "파란색 중앙 가로선 하부",
  "minecraft:banner:half_horizontal_bottom:brown": "갈색 중앙 가로선 하부",
  "minecraft:banner:half_horizontal_bottom:cyan": "청록색 중앙 가로선 하부",
  "minecraft:banner:half_horizontal_bottom:gray": "회색 중앙 가로선 하부",
  "minecraft:banner:half_horizontal_bottom:green": "초록색 중앙 가로선 하부",
  "minecraft:banner:half_horizontal_bottom:light_blue": "하늘색 중앙 가로선 하부",
  "minecraft:banner:half_horizontal_bottom:light_gray": "회백색 중앙 가로선 하부",
  "minecraft:banner:half_horizontal_bottom:lime": "연두색 중앙 가로선 하부",
  "minecraft:banner:half_horizontal_bottom:magenta": "자홍색 중앙 가로선 하부",
  "minecraft:banner:half_horizontal_bottom:orange": "주황색 중앙 가로선 하부",
  "minecraft:banner:half_horizontal_bottom:pink": "분홍색 중앙 가로선 하부",
  "minecraft:banner:half_horizontal_bottom:purple": "보라색 중앙 가로선 하부",
  "minecraft:banner:half_horizontal_bottom:red": "빨간색 중앙 가로선 하부",
  "minecraft:banner:half_horizontal_bottom:white": "하얀색 중앙 가로선 하부",
  "minecraft:banner:half_horizontal_bottom:yellow": "노란색 중앙 가로선 하부",
  "minecraft:banner:half_vertical:black": "검은색 중앙 세로선 우측",
  "minecraft:banner:half_vertical:blue": "파란색 중앙 세로선 우측",
  "minecraft:banner:half_vertical:brown": "갈색 중앙 세로선 우측",
  "minecraft:banner:half_vertical:cyan": "청록색 중앙 세로선 우측",
  "minecraft:banner:half_vertical:gray": "회색 중앙 세로선 우측",
  "minecraft:banner:half_vertical:green": "초록색 중앙 세로선 우측",
  "minecraft:banner:half_vertical:light_blue": "하늘색 중앙 세로선 우측",
  "minecraft:banner:half_vertical:light_gray": "회백색 중앙 세로선 우측",
  "minecraft:banner:half_vertical:lime": "연두색 중앙 세로선 우측",
  "minecraft:banner:half_vertical:magenta": "자홍색 중앙 세로선 우측",
  "minecraft:banner:half_vertical:orange": "주황색 중앙 세로선 우측",
  "minecraft:banner:half_vertical:pink": "분홍색 중앙 세로선 우측",
  "minecraft:banner:half_vertical:purple": "보라색 중앙 세로선 우측",
  "minecraft:banner:half_vertical:red": "빨간색 중앙 세로선 우측",
  "minecraft:banner:half_vertical:white": "하얀색 중앙 세로선 우측",
  "minecraft:banner:half_vertical:yellow": "노란색 중앙 세로선 우측",
  "minecraft:banner:half_vertical_right:black": "검은색 중앙 세로선 좌측",
  "minecraft:banner:half_vertical_right:blue": "파란색 중앙 세로선 좌측",
  "minecraft:banner:half_vertical_right:brown": "갈색 중앙 세로선 좌측",
  "minecraft:banner:half_vertical_right:cyan": "청록색 중앙 세로선 좌측",
  "minecraft:banner:half_vertical_right:gray": "회색 중앙 세로선 좌측",
  "minecraft:banner:half_vertical_right:green": "초록색 중앙 세로선 좌측",
  "minecraft:banner:half_vertical_right:light_blue": "하늘색 중앙 세로선 좌측",
  "minecraft:banner:half_vertical_right:light_gray": "회백색 중앙 세로선 좌측",
  "minecraft:banner:half_vertical_right:lime": "연두색 중앙 세로선 좌측",
  "minecraft:banner:half_vertical_right:magenta": "자홍색 중앙 세로선 좌측",
  "minecraft:banner:half_vertical_right:orange": "주황색 중앙 세로선 좌측",
  "minecraft:banner:half_vertical_right:pink": "분홍색 중앙 세로선 좌측",
  "minecraft:banner:half_vertical_right:purple": "보라색 중앙 세로선 좌측",
  "minecraft:banner:half_vertical_right:red": "빨간색 중앙 세로선 좌측",
  "minecraft:banner:half_vertical_right:white": "하얀색 중앙 세로선 좌측",
  "minecraft:banner:half_vertical_right:yellow": "노란색 중앙 세로선 좌측",
  "minecraft:banner:mojang:black": "검은색 무언가",
  "minecraft:banner:mojang:blue": "파란색 무언가",
  "minecraft:banner:mojang:brown": "갈색 무언가",
  "minecraft:banner:mojang:cyan": "청록색 무언가",
  "minecraft:banner:mojang:gray": "회색 무언가",
  "minecraft:banner:mojang:green": "초록색 무언가",
  "minecraft:banner:mojang:light_blue": "하늘색 무언가",
  "minecraft:banner:mojang:light_gray": "회백색 무언가",
  "minecraft:banner:mojang:lime": "연두색 무언가",
  "minecraft:banner:mojang:magenta": "자홍색 무언가",
  "minecraft:banner:mojang:orange": "주황색 무언가",
  "minecraft:banner:mojang:pink": "분홍색 무언가",
  "minecraft:banner:mojang:purple": "보라색 무언가",
  "minecraft:banner:mojang:red": "빨간색 무언가",
  "minecraft:banner:mojang:white": "하얀색 무언가",
  "minecraft:banner:mojang:yellow": "노란색 무언가",
  "minecraft:banner:piglin:black": "검은색 돼지코",
  "minecraft:banner:piglin:blue": "파란색 돼지코",
  "minecraft:banner:piglin:brown": "갈색 돼지코",
  "minecraft:banner:piglin:cyan": "청록색 돼지코",
  "minecraft:banner:piglin:gray": "회색 돼지코",
  "minecraft:banner:piglin:green": "초록색 돼지코",
  "minecraft:banner:piglin:light_blue": "하늘색 돼지코",
  "minecraft:banner:piglin:light_gray": "회백색 돼지코",
  "minecraft:banner:piglin:lime": "연두색 돼지코",
  "minecraft:banner:piglin:magenta": "자홍색 돼지코",
  "minecraft:banner:piglin:orange": "주황색 돼지코",
  "minecraft:banner:piglin:pink": "분홍색 돼지코",
  "minecraft:banner:piglin:purple": "보라색 돼지코",
  "minecraft:banner:piglin:red": "빨간색 돼지코",
  "minecraft:banner:piglin:white": "하얀색 돼지코",
  "minecraft:banner:piglin:yellow": "노란색 돼지코",
  "minecraft:banner:rhombus:black": "검은색 마름모",
  "minecraft:banner:rhombus:blue": "파란색 마름모",
  "minecraft:banner:rhombus:brown": "갈색 마름모",
  "minecraft:banner:rhombus:cyan": "청록색 마름모",
  "minecraft:banner:rhombus:gray": "회색 마름모",
  "minecraft:banner:rhombus:green": "초록색 마름모",
  "minecraft:banner:rhombus:light_blue": "하늘색 마름모",
  "minecraft:banner:rhombus:light_gray": "회백색 마름모",
  "minecraft:banner:rhombus:lime": "연두색 마름모",
  "minecraft:banner:rhombus:magenta": "자홍색 마름모",
  "minecraft:banner:rhombus:orange": "주황색 마름모",
  "minecraft:banner:rhombus:pink": "분홍색 마름모",
  "minecraft:banner:rhombus:purple": "보라색 마름모",
  "minecraft:banner:rhombus:red": "빨간색 마름모",
  "minecraft:banner:rhombus:white": "하얀색 마름모",
  "minecraft:banner:rhombus:yellow": "노란색 마름모",
  "minecraft:banner:skull:black": "검은색 해골 모양",
  "minecraft:banner:skull:blue": "파란색 해골 모양",
  "minecraft:banner:skull:brown": "갈색 해골 모양",
  "minecraft:banner:skull:cyan": "청록색 해골 모양",
  "minecraft:banner:skull:gray": "회색 해골 모양",
  "minecraft:banner:skull:green": "초록색 해골 모양",
  "minecraft:banner:skull:light_blue": "하늘색 해골 모양",
  "minecraft:banner:skull:light_gray": "회백색 해골 모양",
  "minecraft:banner:skull:lime": "연두색 해골 모양",
  "minecraft:banner:skull:magenta": "자홍색 해골 모양",
  "minecraft:banner:skull:orange": "주황색 해골 모양",
  "minecraft:banner:skull:pink": "분홍색 해골 모양",
  "minecraft:banner:skull:purple": "보라색 해골 모양",
  "minecraft:banner:skull:red": "빨간색 해골 모양",
  "minecraft:banner:skull:white": "하얀색 해골 모양",
  "minecraft:banner:skull:yellow": "노란색 해골 모양",
  "minecraft:banner:small_stripes:black": "검은색 세로줄 무늬",
  "minecraft:banner:small_stripes:blue": "파란색 세로줄 무늬",
  "minecraft:banner:small_stripes:brown": "갈색 세로줄 무늬",
  "minecraft:banner:small_stripes:cyan": "청록색 세로줄 무늬",
  "minecraft:banner:small_stripes:gray": "회색 세로줄 무늬",
  "minecraft:banner:small_stripes:green": "초록색 세로줄 무늬",
  "minecraft:banner:small_stripes:light_blue": "하늘색 세로줄 무늬",
  "minecraft:banner:small_stripes:light_gray": "회백색 세로줄 무늬",
  "minecraft:banner:small_stripes:lime": "연두색 세로줄 무늬",
  "minecraft:banner:small_stripes:magenta": "자홍색 세로줄 무늬",
  "minecraft:banner:small_stripes:orange": "주황색 세로줄 무늬",
  "minecraft:banner:small_stripes:pink": "분홍색 세로줄 무늬",
  "minecraft:banner:small_stripes:purple": "보라색 세로줄 무늬",
  "minecraft:banner:small_stripes:red": "빨간색 세로줄 무늬",
  "minecraft:banner:small_stripes:white": "하얀색 세로줄 무늬",
  "minecraft:banner:small_stripes:yellow": "노란색 세로줄 무늬",
  "minecraft:banner:square_bottom_left:black": "검은색 오른쪽 아래 사각형",
  "minecraft:banner:square_bottom_left:blue": "파란색 오른쪽 아래 사각형",
  "minecraft:banner:square_bottom_left:brown": "갈색 오른쪽 아래 사각형",
  "minecraft:banner:square_bottom_left:cyan": "청록색 오른쪽 아래 사각형",
  "minecraft:banner:square_bottom_left:gray": "회색 오른쪽 아래 사각형",
  "minecraft:banner:square_bottom_left:green": "초록색 오른쪽 아래 사각형",
  "minecraft:banner:square_bottom_left:light_blue": "하늘색 오른쪽 아래 사각형",
  "minecraft:banner:square_bottom_left:light_gray": "회백색 오른쪽 아래 사각형",
  "minecraft:banner:square_bottom_left:lime": "연두색 오른쪽 아래 사각형",
  "minecraft:banner:square_bottom_left:magenta": "자홍색 오른쪽 아래 사각형",
  "minecraft:banner:square_bottom_left:orange": "주황색 오른쪽 아래 사각형",
  "minecraft:banner:square_bottom_left:pink": "분홍색 오른쪽 아래 사각형",
  "minecraft:banner:square_bottom_left:purple": "보라색 오른쪽 아래 사각형",
  "minecraft:banner:square_bottom_left:red": "빨간색 오른쪽 아래 사각형",
  "minecraft:banner:square_bottom_left:white": "하얀색 오른쪽 아래 사각형",
  "minecraft:banner:square_bottom_left:yellow": "노란색 오른쪽 아래 사각형",
  "minecraft:banner:square_bottom_right:black": "검은색 왼쪽 아래 사각형",
  "minecraft:banner:square_bottom_right:blue": "파란색 왼쪽 아래 사각형",
  "minecraft:banner:square_bottom_right:brown": "갈색 왼쪽 아래 사각형",
  "minecraft:banner:square_bottom_right:cyan": "청록색 왼쪽 아래 사각형",
  "minecraft:banner:square_bottom_right:gray": "회색 왼쪽 아래 사각형",
  "minecraft:banner:square_bottom_right:green": "초록색 왼쪽 아래 사각형",
  "minecraft:banner:square_bottom_right:light_blue": "하늘색 왼쪽 아래 사각형",
  "minecraft:banner:square_bottom_right:light_gray": "회백색 왼쪽 아래 사각형",
  "minecraft:banner:square_bottom_right:lime": "연두색 왼쪽 아래 사각형",
  "minecraft:banner:square_bottom_right:magenta": "자홍색 왼쪽 아래 사각형",
  "minecraft:banner:square_bottom_right:orange": "주황색 왼쪽 아래 사각형",
  "minecraft:banner:square_bottom_right:pink": "분홍색 왼쪽 아래 사각형",
  "minecraft:banner:square_bottom_right:purple": "보라색 왼쪽 아래 사각형",
  "minecraft:banner:square_bottom_right:red": "빨간색 왼쪽 아래 사각형",
  "minecraft:banner:square_bottom_right:white": "하얀색 왼쪽 아래 사각형",
  "minecraft:banner:square_bottom_right:yellow": "노란색 왼쪽 아래 사각형",
  "minecraft:banner:square_top_left:black": "검은색 오른쪽 위 사각형",
  "minecraft:banner:square_top_left:blue": "파란색 오른쪽 위 사각형",
  "minecraft:banner:square_top_left:brown": "갈색 오른쪽 위 사각형",
  "minecraft:banner:square_top_left:cyan": "청록색 오른쪽 위 사각형",
  "minecraft:banner:square_top_left:gray": "회색 오른쪽 위 사각형",
  "minecraft:banner:square_top_left:green": "초록색 오른쪽 위 사각형",
  "minecraft:banner:square_top_left:light_blue": "파란색 오른쪽 위 사각형",
  "minecraft:banner:square_top_left:light_gray": "회백색 오른쪽 위 사각형",
  "minecraft:banner:square_top_left:lime": "연두색 오른쪽 위 사각형",
  "minecraft:banner:square_top_left:magenta": "자홍색 오른쪽 위 사각형",
  "minecraft:banner:square_top_left:orange": "주황색 오른쪽 위 사각형",
  "minecraft:banner:square_top_left:pink": "분홍색 오른쪽 위 사각형",
  "minecraft:banner:square_top_left:purple": "보라색 오른쪽 위 사각형",
  "minecraft:banner:square_top_left:red": "빨간색 오른쪽 위 사각형",
  "minecraft:banner:square_top_left:white": "하얀색 오른쪽 위 사각형",
  "minecraft:banner:square_top_left:yellow": "노란색 오른쪽 위 사각형",
  "minecraft:banner:square_top_right:black": "검은색 왼쪽 위 사각형",
  "minecraft:banner:square_top_right:blue": "파란색 왼쪽 위 사각형",
  "minecraft:banner:square_top_right:brown": "갈색 왼쪽 위 사각형",
  "minecraft:banner:square_top_right:cyan": "청록색 왼쪽 위 사각형",
  "minecraft:banner:square_top_right:gray": "회색 왼쪽 위 사각형",
  "minecraft:banner:square_top_right:green": "초록색 왼쪽 위 사각형",
  "minecraft:banner:square_top_right:light_blue": "하늘색 왼쪽 위 사각형",
  "minecraft:banner:square_top_right:light_gray": "회백색 왼쪽 위 사각형",
  "minecraft:banner:square_top_right:lime": "연두색 왼쪽 위 사각형",
  "minecraft:banner:square_top_right:magenta": "자홍색 왼쪽 위 사각형",
  "minecraft:banner:square_top_right:orange": "주황색 왼쪽 위 사각형",
  "minecraft:banner:square_top_right:pink": "분홍색 왼쪽 위 사각형",
  "minecraft:banner:square_top_right:purple": "보라색 왼쪽 위 사각형",
  "minecraft:banner:square_top_right:red": "빨간색 왼쪽 위 사각형",
  "minecraft:banner:square_top_right:white": "하얀색 왼쪽 위 사각형",
  "minecraft:banner:square_top_right:yellow": "노란색 왼쪽 위 사각형",
  "minecraft:banner:straight_cross:black": "검은색 십자",
  "minecraft:banner:straight_cross:blue": "파란색 십자",
  "minecraft:banner:straight_cross:brown": "갈색 십자",
  "minecraft:banner:straight_cross:cyan": "청록색 십자",
  "minecraft:banner:straight_cross:gray": "회색 십자",
  "minecraft:banner:straight_cross:green": "초록색 십자",
  "minecraft:banner:straight_cross:light_blue": "하늘색 십자",
  "minecraft:banner:straight_cross:light_gray": "회백색 십자",
  "minecraft:banner:straight_cross:lime": "연두색 십자",
  "minecraft:banner:straight_cross:magenta": "자홍색 십자",
  "minecraft:banner:straight_cross:orange": "주황색 십자",
  "minecraft:banner:straight_cross:pink": "분홍색 십자",
  "minecraft:banner:straight_cross:purple": "보라색 십자",
  "minecraft:banner:straight_cross:red": "빨간색 십자",
  "minecraft:banner:straight_cross:white": "하얀색 십자",
  "minecraft:banner:straight_cross:yellow": "노란색 십자",
  "minecraft:banner:stripe_bottom:black": "검은색 아래쪽 가로띠",
  "minecraft:banner:stripe_bottom:blue": "파란색 아래쪽 가로띠",
  "minecraft:banner:stripe_bottom:brown": "갈색 아래쪽 가로띠",
  "minecraft:banner:stripe_bottom:cyan": "청록색 아래쪽 가로띠",
  "minecraft:banner:stripe_bottom:gray": "회색 아래쪽 가로띠",
  "minecraft:banner:stripe_bottom:green": "초록색 아래쪽 가로띠",
  "minecraft:banner:stripe_bottom:light_blue": "하늘색 아래쪽 가로띠",
  "minecraft:banner:stripe_bottom:light_gray": "회백색 아래쪽 가로띠",
  "minecraft:banner:stripe_bottom:lime": "연두색 아래쪽 가로띠",
  "minecraft:banner:stripe_bottom:magenta": "자홍색 아래쪽 가로띠",
  "minecraft:banner:stripe_bottom:orange": "주황색 아래쪽 가로띠",
  "minecraft:banner:stripe_bottom:pink": "분홍색 아래쪽 가로띠",
  "minecraft:banner:stripe_bottom:purple": "보라색 아래쪽 가로띠",
  "minecraft:banner:stripe_bottom:red": "빨간색 아래쪽 가로띠",
  "minecraft:banner:stripe_bottom:white": "하얀색 아래쪽 가로띠",
  "minecraft:banner:stripe_bottom:yellow": "노란색 아래쪽 가로띠",
  "minecraft:banner:stripe_center:black": "검은색 중앙 세로띠",
  "minecraft:banner:stripe_center:blue": "파란색 중앙 세로띠",
  "minecraft:banner:stripe_center:brown": "갈색 중앙 세로띠",
  "minecraft:banner:stripe_center:cyan": "청록색 중앙 세로띠",
  "minecraft:banner:stripe_center:gray": "회색 중앙 세로띠",
  "minecraft:banner:stripe_center:green": "초록색 중앙 세로띠",
  "minecraft:banner:stripe_center:light_blue": "하늘색 중앙 세로띠",
  "minecraft:banner:stripe_center:light_gray": "회백색 중앙 세로띠",
  "minecraft:banner:stripe_center:lime": "연두색 중앙 세로띠",
  "minecraft:banner:stripe_center:magenta": "자홍색 중앙 세로띠",
  "minecraft:banner:stripe_center:orange": "주황색 중앙 세로띠",
  "minecraft:banner:stripe_center:pink": "분홍색 중앙 세로띠",
  "minecraft:banner:stripe_center:purple": "보라색 중앙 세로띠",
  "minecraft:banner:stripe_center:red": "빨간색 중앙 세로띠",
  "minecraft:banner:stripe_center:white": "하얀색 중앙 세로띠",
  "minecraft:banner:stripe_center:yellow": "노란색 중앙 세로띠",
  "minecraft:banner:stripe_downleft:black": "검은색 왼쪽 위로부터의 사선",
  "minecraft:banner:stripe_downleft:blue": "파란색 왼쪽 위로부터의 사선",
  "minecraft:banner:stripe_downleft:brown": "갈색 왼쪽 위로부터의 사선",
  "minecraft:banner:stripe_downleft:cyan": "청록색 왼쪽 위로부터의 사선",
  "minecraft:banner:stripe_downleft:gray": "회색 왼쪽 위로부터의 사선",
  "minecraft:banner:stripe_downleft:green": "초록색 왼쪽 위로부터의 사선",
  "minecraft:banner:stripe_downleft:light_blue": "하늘색 왼쪽 위로부터의 사선",
  "minecraft:banner:stripe_downleft:light_gray": "회백색 왼쪽 위로부터의 사선",
  "minecraft:banner:stripe_downleft:lime": "연두색 왼쪽 위로부터의 사선",
  "minecraft:banner:stripe_downleft:magenta": "자홍색 왼쪽 위로부터의 사선",
  "minecraft:banner:stripe_downleft:orange": "주황색 왼쪽 위로부터의 사선",
  "minecraft:banner:stripe_downleft:pink": "분홍색 왼쪽 위로부터의 사선",
  "minecraft:banner:stripe_downleft:purple": "보라색 왼쪽 위로부터의 사선",
  "minecraft:banner:stripe_downleft:red": "빨간색 왼쪽 위로부터의 사선",
  "minecraft:banner:stripe_downleft:white": "하얀색 왼쪽 위로부터의 사선",
  "minecraft:banner:stripe_downleft:yellow": "노란색 왼쪽 위로부터의 사선",
  "minecraft:banner:stripe_downright:black": "검은색 오른쪽 위로부터의 사선",
  "minecraft:banner:stripe_downright:blue": "파란색 오른쪽 위로부터의 사선",
  "minecraft:banner:stripe_downright:brown": "갈색 오른쪽 위로부터의 사선",
  "minecraft:banner:stripe_downright:cyan": "청록색 오른쪽 위로부터의 사선",
  "minecraft:banner:stripe_downright:gray": "회색 오른쪽 위로부터의 사선",
  "minecraft:banner:stripe_downright:green": "초록색 오른쪽 위로부터의 사선",
  "minecraft:banner:stripe_downright:light_blue": "하늘색 오른쪽 위로부터의 사선",
  "minecraft:banner:stripe_downright:light_gray": "회백색 오른쪽 위로부터의 사선",
  "minecraft:banner:stripe_downright:lime": "연두색 오른쪽 위로부터의 사선",
  "minecraft:banner:stripe_downright:magenta": "자홍색 오른쪽 위로부터의 사선",
  "minecraft:banner:stripe_downright:orange": "주황색 오른쪽 위로부터의 사선",
  "minecraft:banner:stripe_downright:pink": "분홍색 오른쪽 위로부터의 사선",
  "minecraft:banner:stripe_downright:purple": "보라색 오른쪽 위로부터의 사선",
  "minecraft:banner:stripe_downright:red": "빨간색 오른쪽 위로부터의 사선",
  "minecraft:banner:stripe_downright:white": "하얀색 오른쪽 위로부터의 사선",
  "minecraft:banner:stripe_downright:yellow": "노란색 오른쪽 위로부터의 사선",
  "minecraft:banner:stripe_left:black": "검은색 오른쪽 세로띠",
  "minecraft:banner:stripe_left:blue": "파란색 오른쪽 세로띠",
  "minecraft:banner:stripe_left:brown": "갈색 오른쪽 세로띠",
  "minecraft:banner:stripe_left:cyan": "청록색 오른쪽 세로띠",
  "minecraft:banner:stripe_left:gray": "회색 오른쪽 세로띠",
  "minecraft:banner:stripe_left:green": "초록색 오른쪽 세로띠",
  "minecraft:banner:stripe_left:light_blue": "하늘색 오른쪽 세로띠",
  "minecraft:banner:stripe_left:light_gray": "회백색 오른쪽 세로띠",
  "minecraft:banner:stripe_left:lime": "연두색 오른쪽 세로띠",
  "minecraft:banner:stripe_left:magenta": "자홍색 오른쪽 세로띠",
  "minecraft:banner:stripe_left:orange": "주황색 오른쪽 세로띠",
  "minecraft:banner:stripe_left:pink": "분홍색 오른쪽 세로띠",
  "minecraft:banner:stripe_left:purple": "보라색 오른쪽 세로띠",
  "minecraft:banner:stripe_left:red": "빨간색 오른쪽 세로띠",
  "minecraft:banner:stripe_left:white": "하얀색 오른쪽 세로띠",
  "minecraft:banner:stripe_left:yellow": "노란색 오른쪽 세로띠",
  "minecraft:banner:stripe_middle:black": "검은색 중앙 가로띠",
  "minecraft:banner:stripe_middle:blue": "파란색 중앙 가로띠",
  "minecraft:banner:stripe_middle:brown": "갈색 중앙 가로띠",
  "minecraft:banner:stripe_middle:cyan": "청록색 중앙 가로띠",
  "minecraft:banner:stripe_middle:gray": "회색 중앙 가로띠",
  "minecraft:banner:stripe_middle:green": "초록색 중앙 가로띠",
  "minecraft:banner:stripe_middle:light_blue": "하늘색 중앙 가로띠",
  "minecraft:banner:stripe_middle:light_gray": "회백색 중앙 가로띠",
  "minecraft:banner:stripe_middle:lime": "연두색 중앙 가로띠",
  "minecraft:banner:stripe_middle:magenta": "자홍색 중앙 가로띠",
  "minecraft:banner:stripe_middle:orange": "주황색 중앙 가로띠",
  "minecraft:banner:stripe_middle:pink": "분홍색 중앙 가로띠",
  "minecraft:banner:stripe_middle:purple": "보라색 중앙 가로띠",
  "minecraft:banner:stripe_middle:red": "빨간색 중앙 가로띠",
  "minecraft:banner:stripe_middle:white": "하얀색 중앙 가로띠",
  "minecraft:banner:stripe_middle:yellow": "노란색 중앙 가로띠",
  "minecraft:banner:stripe_right:black": "검은색 왼쪽 세로띠",
  "minecraft:banner:stripe_right:blue": "파란색 왼쪽 세로띠",
  "minecraft:banner:stripe_right:brown": "갈색 왼쪽 세로띠",
  "minecraft:banner:stripe_right:cyan": "청록색 왼쪽 세로띠",
  "minecraft:banner:stripe_right:gray": "회색 왼쪽 세로띠",
  "minecraft:banner:stripe_right:green": "초록색 왼쪽 세로띠",
  "minecraft:banner:stripe_right:light_blue": "하늘색 왼쪽 세로띠",
  "minecraft:banner:stripe_right:light_gray": "회백색 왼쪽 세로띠",
  "minecraft:banner:stripe_right:lime": "연두색 왼쪽 세로띠",
  "minecraft:banner:stripe_right:magenta": "자홍색 왼쪽 세로띠",
  "minecraft:banner:stripe_right:orange": "주황색 왼쪽 세로띠",
  "minecraft:banner:stripe_right:pink": "분홍색 왼쪽 세로띠",
  "minecraft:banner:stripe_right:purple": "보라색 왼쪽 세로띠",
  "minecraft:banner:stripe_right:red": "빨간색 왼쪽 세로띠",
  "minecraft:banner:stripe_right:white": "하얀색 왼쪽 세로띠",
  "minecraft:banner:stripe_right:yellow": "노란색 왼쪽 세로띠",
  "minecraft:banner:stripe_top:black": "검은색 위쪽 가로띠",
  "minecraft:banner:stripe_top:blue": "파란색 위쪽 가로띠",
  "minecraft:banner:stripe_top:brown": "갈색 위쪽 가로띠",
  "minecraft:banner:stripe_top:cyan": "청록색 위쪽 가로띠",
  "minecraft:banner:stripe_top:gray": "회색 위쪽 가로띠",
  "minecraft:banner:stripe_top:green": "초록색 위쪽 가로띠",
  "minecraft:banner:stripe_top:light_blue": "하늘색 위쪽 가로띠",
  "minecraft:banner:stripe_top:light_gray": "회백색 위쪽 가로띠",
  "minecraft:banner:stripe_top:lime": "연두색 위쪽 가로띠",
  "minecraft:banner:stripe_top:magenta": "자홍색 위쪽 가로띠",
  "minecraft:banner:stripe_top:orange": "주황색 위쪽 가로띠",
  "minecraft:banner:stripe_top:pink": "분홍색 위쪽 가로띠",
  "minecraft:banner:stripe_top:purple": "보라색 위쪽 가로띠",
  "minecraft:banner:stripe_top:red": "빨간색 위쪽 가로띠",
  "minecraft:banner:stripe_top:white": "하얀색 위쪽 가로띠",
  "minecraft:banner:stripe_top:yellow": "노란색 위쪽 가로띠",
  "minecraft:banner:triangle_bottom:black": "검은색 하단 삼각형",
  "minecraft:banner:triangle_bottom:blue": "파란색 하단 삼각형",
  "minecraft:banner:triangle_bottom:brown": "갈색 하단 삼각형",
  "minecraft:banner:triangle_bottom:cyan": "청록색 하단 삼각형",
  "minecraft:banner:triangle_bottom:gray": "회색 하단 삼각형",
  "minecraft:banner:triangle_bottom:green": "초록색 하단 삼각형",
  "minecraft:banner:triangle_bottom:light_blue": "하늘색 하단 삼각형",
  "minecraft:banner:triangle_bottom:light_gray": "회백색 하단 삼각형",
  "minecraft:banner:triangle_bottom:lime": "연두색 하단 삼각형",
  "minecraft:banner:triangle_bottom:magenta": "자홍색 하단 삼각형",
  "minecraft:banner:triangle_bottom:orange": "주황색 하단 삼각형",
  "minecraft:banner:triangle_bottom:pink": "분홍색 하단 삼각형",
  "minecraft:banner:triangle_bottom:purple": "보라색 하단 삼각형",
  "minecraft:banner:triangle_bottom:red": "빨간색 하단 삼각형",
  "minecraft:banner:triangle_bottom:white": "하얀색 하단 삼각형",
  "minecraft:banner:triangle_bottom:yellow": "노란색 하단 삼각형",
  "minecraft:banner:triangle_top:black": "검은색 상단 삼각형",
  "minecraft:banner:triangle_top:blue": "파란색 상단 삼각형",
  "minecraft:banner:triangle_top:brown": "갈색 상단 삼각형",
  "minecraft:banner:triangle_top:cyan": "청록색 상단 삼각형",
  "minecraft:banner:triangle_top:gray": "회색 상단 삼각형",
  "minecraft:banner:triangle_top:green": "초록색 상단 삼각형",
  "minecraft:banner:triangle_top:light_blue": "하늘색 상단 삼각형",
  "minecraft:banner:triangle_top:light_gray": "회백색 상단 삼각형",
  "minecraft:banner:triangle_top:lime": "연두색 상단 삼각형",
  "minecraft:banner:triangle_top:magenta": "자홍색 상단 삼각형",
  "minecraft:banner:triangle_top:orange": "주황색 상단 삼각형",
  "minecraft:banner:triangle_top:pink": "분홍색 상단 삼각형",
  "minecraft:banner:triangle_top:purple": "보라색 상단 삼각형",
  "minecraft:banner:triangle_top:red": "빨간색 상단 삼각형",
  "minecraft:banner:triangle_top:white": "하얀색 상단 삼각형",
  "minecraft:banner:triangle_top:yellow": "노란색 상단 삼각형",
  "minecraft:banner:triangles_bottom:black": "검은색 아래쪽 톱니 모양",
  "minecraft:banner:triangles_bottom:blue": "파란색 아래쪽 톱니 모양",
  "minecraft:banner:triangles_bottom:brown": "갈색 아래쪽 톱니 모양",
  "minecraft:banner:triangles_bottom:cyan": "청록색 아래쪽 톱니 모양",
  "minecraft:banner:triangles_bottom:gray": "회색 아래쪽 톱니 모양",
  "minecraft:banner:triangles_bottom:green": "초록색 아래쪽 톱니 모양",
  "minecraft:banner:triangles_bottom:light_blue": "하늘색 아래쪽 톱니 모양",
  "minecraft:banner:triangles_bottom:light_gray": "회백색 아래쪽 톱니 모양",
  "minecraft:banner:triangles_bottom:lime": "연두색 아래쪽 톱니 모양",
  "minecraft:banner:triangles_bottom:magenta": "자홍색 아래쪽 톱니 모양",
  "minecraft:banner:triangles_bottom:orange": "주황색 아래쪽 톱니 모양",
  "minecraft:banner:triangles_bottom:pink": "분홍색 아래쪽 톱니 모양",
  "minecraft:banner:triangles_bottom:purple": "보라색 아래쪽 톱니 모양",
  "minecraft:banner:triangles_bottom:red": "빨간색 아래쪽 톱니 모양",
  "minecraft:banner:triangles_bottom:white": "하얀색 아래쪽 톱니 모양",
  "minecraft:banner:triangles_bottom:yellow": "노란색 아래쪽 톱니 모양",
  "minecraft:banner:triangles_top:black": "검은색 위쪽 톱니 모양",
  "minecraft:banner:triangles_top:blue": "파란색 위쪽 톱니 모양",
  "minecraft:banner:triangles_top:brown": "갈색 위쪽 톱니 모양",
  "minecraft:banner:triangles_top:cyan": "청록색 위쪽 톱니 모양",
  "minecraft:banner:triangles_top:gray": "회색 위쪽 톱니 모양",
  "minecraft:banner:triangles_top:green": "초록색 위쪽 톱니 모양",
  "minecraft:banner:triangles_top:light_blue": "하늘색 위쪽 톱니 모양",
  "minecraft:banner:triangles_top:light_gray": "회백색 위쪽 톱니 모양",
  "minecraft:banner:triangles_top:lime": "연두색 위쪽 톱니 모양",
  "minecraft:banner:triangles_top:magenta": "자홍색 위쪽 톱니 모양",
  "minecraft:banner:triangles_top:orange": "주황색 위쪽 톱니 모양",
  "minecraft:banner:triangles_top:pink": "분홍색 위쪽 톱니 모양",
  "minecraft:banner:triangles_top:purple": "보라색 위쪽 톱니 모양",
  "minecraft:banner:triangles_top:red": "빨간색 위쪽 톱니 모양",
  "minecraft:banner:triangles_top:white": "하얀색 위쪽 톱니 모양",
  "minecraft:banner:triangles_top:yellow": "노란색 위쪽 톱니 모양",
  "minecraft:barrel": "통",
  "minecraft:barrier": "방벽",
  "minecraft:basalt": "현무암",
  "minecraft:bat_spawn_egg": "박쥐 생성 알",
  "minecraft:beacon": "신호기",
  "minecraft:beacon:primary": "주 효과",
  "minecraft:beacon:secondary": "보조 효과",
  "minecraft:bed:no_sleep": "밤이나 뇌우 중에만 잘 수 있습니다",
  "minecraft:bed:not_safe": "지금은 쉴 수 없습니다, 근처에 몬스터가 있습니다",
  "minecraft:bed:obstructed": "침대가 막혀 있습니다",
  "minecraft:bed:occupied": "다른 사람이 이미 침대에 누워 있습니다",
  "minecraft:bed:too_far_away": "지금은 쉴 수 없습니다, 침대가 너무 멀리 있습니다",
  "minecraft:bedrock": "기반암",
  "minecraft:bee_nest": "벌집",
  "minecraft:bee_spawn_egg": "꿀벌 생성 알",
  "minecraft:beef": "익히지 않은 소고기",
  "minecraft:beehive": "벌통",
  "minecraft:beetroot": "비트",
  "minecraft:beetroot_seeds": "비트 씨앗",
  "minecraft:beetroot_soup": "비트 수프",
  "minecraft:beetroots": "비트",
  "minecraft:bell": "종",
  "minecraft:big_dripleaf": "큰 흘림잎",
  "minecraft:big_dripleaf_stem": "큰 흘림잎 줄기",
  "minecraft:birch_boat": "자작나무 보트",
  "minecraft:birch_button": "자작나무 버튼",
  "minecraft:birch_chest_boat": "상자가 실린 자작나무 보트",
  "minecraft:birch_door": "자작나무 문",
  "minecraft:birch_fence": "자작나무 울타리",
  "minecraft:birch_fence_gate": "자작나무 울타리 문",
  "minecraft:birch_leaves": "자작나무 잎",
  "minecraft:birch_log": "자작나무 원목",
  "minecraft:birch_planks": "자작나무 판자",
  "minecraft:birch_pressure_plate": "자작나무 압력판",
  "minecraft:birch_sapling": "자작나무 묘목",
  "minecraft:birch_sign": "자작나무 표지판",
  "minecraft:birch_slab": "자작나무 반 블록",
  "minecraft:birch_stairs": "자작나무 계단",
  "minecraft:birch_trapdoor": "자작나무 다락문",
  "minecraft:birch_wall_sign": "자작나무 벽 표지판",
  "minecraft:birch_wood": "자작나무",
  "minecraft:black_banner": "검은색 현수막",
  "minecraft:black_bed": "검은색 침대",
  "minecraft:black_candle": "검은색 초",
  "minecraft:black_candle_cake": "검은색 초를 꽂은 케이크",
  "minecraft:black_carpet": "검은색 양탄자",
  "minecraft:black_concrete": "검은색 콘크리트",
  "minecraft:black_concrete_powder": "검은색 콘크리트 가루",
  "minecraft:black_dye": "검은색 염료",
  "minecraft:black_glazed_terracotta": "검은색 유광 테라코타",
  "minecraft:black_shulker_box": "검은색 셜커 상자",
  "minecraft:black_stained_glass": "검은색 색유리",
  "minecraft:black_stained_glass_pane": "검은색 색유리 판",
  "minecraft:black_terracotta": "검은색 테라코타",
  "minecraft:black_wool": "검은색 양털",
  "minecraft:blackstone": "흑암",
  "minecraft:blackstone_slab": "흑암 반 블록",
  "minecraft:blackstone_stairs": "흑암 계단",
  "minecraft:blackstone_wall": "흑암 담장",
  "minecraft:blast_furnace": "용광로",
  "minecraft:blaze_powder": "블레이즈 가루",
  "minecraft:blaze_rod": "블레이즈 막대기",
  "minecraft:blaze_spawn_egg": "블레이즈 생성 알",
  "minecraft:blue_banner": "파란색 현수막",
  "minecraft:blue_bed": "파란색 침대",
  "minecraft:blue_candle": "파란색 초",
  "minecraft:blue_candle_cake": "파란색 초를 꽂은 케이크",
  "minecraft:blue_carpet": "파란색 양탄자",
  "minecraft:blue_concrete": "파란색 콘크리트",
  "minecraft:blue_concrete_powder": "파란색 콘크리트 가루",
  "minecraft:blue_dye": "파란색 염료",
  "minecraft:blue_glazed_terracotta": "파란색 유광 테라코타",
  "minecraft:blue_ice": "푸른얼음",
  "minecraft:blue_orchid": "파란색 난초",
  "minecraft:blue_shulker_box": "파란색 셜커 상자",
  "minecraft:blue_stained_glass": "파란색 색유리",
  "minecraft:blue_stained_glass_pane": "파란색 색유리 판",
  "minecraft:blue_terracotta": "파란색 테라코타",
  "minecraft:blue_wool": "파란색 양털",
  "minecraft:bone": "뼈다귀",
  "minecraft:bone_block": "뼈 블록",
  "minecraft:bone_meal": "뼛가루",
  "minecraft:book": "책",
  "minecraft:bookshelf": "책장",
  "minecraft:bow": "활",
  "minecraft:bowl": "그릇",
  "minecraft:brain_coral": "뇌 산호",
  "minecraft:brain_coral_block": "뇌 산호 블록",
  "minecraft:brain_coral_fan": "부채형 뇌 산호",
  "minecraft:brain_coral_wall_fan": "부채형 뇌 산호 벽",
  "minecraft:bread": "빵",
  "minecraft:brewing_stand": "양조기",
  "minecraft:brick": "벽돌",
  "minecraft:brick_slab": "벽돌 반 블록",
  "minecraft:brick_stairs": "벽돌 계단",
  "minecraft:brick_wall": "벽돌 담장",
  "minecraft:bricks": "벽돌",
  "minecraft:brown_banner": "갈색 현수막",
  "minecraft:brown_bed": "갈색 침대",
  "minecraft:brown_candle": "갈색 초",
  "minecraft:brown_candle_cake": "갈색 초를 꽂은 케이크",
  "minecraft:brown_carpet": "갈색 양탄자",
  "minecraft:brown_concrete": "갈색 콘크리트",
  "minecraft:brown_concrete_powder": "갈색 콘크리트 가루",
  "minecraft:brown_dye": "갈색 염료",
  "minecraft:brown_glazed_terracotta": "갈색 유광 테라코타",
  "minecraft:brown_mushroom": "갈색 버섯",
  "minecraft:brown_mushroom_block": "갈색 버섯 블록",
  "minecraft:brown_shulker_box": "갈색 셜커 상자",
  "minecraft:brown_stained_glass": "갈색 색유리",
  "minecraft:brown_stained_glass_pane": "갈색 색유리 판",
  "minecraft:brown_terracotta": "갈색 테라코타",
  "minecraft:brown_wool": "갈색 양털",
  "minecraft:bubble_column": "거품 기둥",
  "minecraft:bubble_coral": "거품 산호",
  "minecraft:bubble_coral_block": "거품 산호 블록",
  "minecraft:bubble_coral_fan": "부채형 거품 산호",
  "minecraft:bubble_coral_wall_fan": "부채형 거품 산호 벽",
  "minecraft:bucket": "양동이",
  "minecraft:budding_amethyst": "싹 틔우는 자수정",
  "minecraft:bundle": "꾸러미",
  "minecraft:bundle:fullness": "%s/%s",
  "minecraft:cactus": "선인장",
  "minecraft:cake": "케이크",
  "minecraft:calcite": "방해석",
  "minecraft:campfire": "모닥불",
  "minecraft:candle": "초",
  "minecraft:candle_cake": "초를 꽂은 케이크",
  "minecraft:carrot": "당근",
  "minecraft:carrot_on_a_stick": "당근 낚싯대",
  "minecraft:carrots": "당근",
  "minecraft:cartography_table": "지도 제작대",
  "minecraft:carved_pumpkin": "조각된 호박",
  "minecraft:cat_spawn_egg": "고양이 생성 알",
  "minecraft:cauldron": "가마솥",
  "minecraft:cave_air": "동굴 공기",
  "minecraft:cave_spider_spawn_egg": "동굴 거미 생성 알",
  "minecraft:cave_vines": "동굴 덩굴",
  "minecraft:cave_vines_plant": "동굴 덩굴 식물",
  "minecraft:chain": "사슬",
  "minecraft:chain_command_block": "연쇄형 명령 블록",
  "minecraft:chainmail_boots": "사슬 부츠",
  "minecraft:chainmail_chestplate": "사슬 흉갑",
  "minecraft:chainmail_helmet": "사슬 투구",
  "minecraft:chainmail_leggings": "사슬 레깅스",
  "minecraft:charcoal": "숯",
  "minecraft:chest": "상자",
  "minecraft:chest_minecart": "상자가 실린 광산 수레",
  "minecraft:chicken": "익히지 않은 닭고기",
  "minecraft:chicken_spawn_egg": "닭 생성 알",
  "minecraft:chipped_anvil": "금 간 모루",
  "minecraft:chiseled_deepslate": "조각된 심층암",
  "minecraft:chiseled_nether_bricks": "조각된 네더 벽돌",
  "minecraft:chiseled_polished_blackstone": "조각된 윤나는 흑암",
  "minecraft:chiseled_quartz_block": "조각된 석영 블록",
  "minecraft:chiseled_red_sandstone": "조각된 붉은 사암",
  "minecraft:chiseled_sandstone": "조각된 사암",
  "minecraft:chiseled_stone_bricks": "조각된 석재 벽돌",
  "minecraft:chorus_flower": "후렴화",
  "minecraft:chorus_fruit": "후렴과",
  "minecraft:chorus_plant": "후렴초",
  "minecraft:clay": "점토",
  "minecraft:clay_ball": "점토 덩이",
  "minecraft:clock": "시계",
  "minecraft:coal": "석탄",
  "minecraft:coal_block": "석탄 블록",
  "minecraft:coal_ore": "석탄 광석",
  "minecraft:coarse_dirt": "거친 흙",
  "minecraft:cobbled_deepslate": "심층암 조약돌",
  "minecraft:cobbled_deepslate_slab": "심층암 조약돌 반 블록",
  "minecraft:cobbled_deepslate_stairs": "심층암 조약돌 계단",
  "minecraft:cobbled_deepslate_wall": "심층암 조약돌 담장",
  "minecraft:cobblestone": "조약돌",
  "minecraft:cobblestone_slab": "조약돌 반 블록",
  "minecraft:cobblestone_stairs": "조약돌 계단",
  "minecraft:cobblestone_wall": "조약돌 담장",
  "minecraft:cobweb": "거미줄",
  "minecraft:cocoa": "코코아",
  "minecraft:cocoa_beans": "코코아 콩",
  "minecraft:cod": "익히지 않은 대구",
  "minecraft:cod_bucket": "대구가 담긴 양동이",
  "minecraft:cod_spawn_egg": "대구 생성 알",
  "minecraft:command_block": "명령 블록",
  "minecraft:command_block_minecart": "명령 블록이 실린 광산 수레",
  "minecraft:comparator": "레드스톤 비교기",
  "minecraft:compass": "나침반",
  "minecraft:composter": "퇴비통",
  "minecraft:conduit": "전달체",
  "minecraft:cooked_beef": "스테이크",
  "minecraft:cooked_chicken": "익힌 닭고기",
  "minecraft:cooked_cod": "익힌 대구",
  "minecraft:cooked_mutton": "익힌 양고기",
  "minecraft:cooked_porkchop": "익힌 돼지고기",
  "minecraft:cooked_rabbit": "익힌 토끼고기",
  "minecraft:cooked_salmon": "익힌 연어",
  "minecraft:cookie": "쿠키",
  "minecraft:copper_block": "구리 블록",
  "minecraft:copper_ingot": "구리 주괴",
  "minecraft:copper_ore": "구리 광석",
  "minecraft:cornflower": "수레국화",
  "minecraft:cow_spawn_egg": "소 생성 알",
  "minecraft:cracked_deepslate_bricks": "금 간 심층암 벽돌",
  "minecraft:cracked_deepslate_tiles": "금 간 심층암 타일",
  "minecraft:cracked_nether_bricks": "금 간 네더 벽돌",
  "minecraft:cracked_polished_blackstone_bricks": "금 간 윤나는 흑암 벽돌",
  "minecraft:cracked_stone_bricks": "금 간 석재 벽돌",
  "minecraft:crafting_table": "제작대",
  "minecraft:creeper_banner_pattern": "현수막 무늬",
  "minecraft:creeper_banner_pattern:desc": "크리퍼 모양",
  "minecraft:creeper_head": "크리퍼 머리",
  "minecraft:creeper_spawn_egg": "크리퍼 생성 알",
  "minecraft:creeper_wall_head": "크리퍼 벽 머리",
  "minecraft:crimson_button": "진홍빛 버튼",
  "minecraft:crimson_door": "진홍빛 문",
  "minecraft:crimson_fence": "진홍빛 울타리",
  "minecraft:crimson_fence_gate": "진홍빛 울타리 문",
  "minecraft:crimson_fungus": "진홍빛 균",
  "minecraft:crimson_hyphae": "진홍빛 균사",
  "minecraft:crimson_nylium": "진홍빛 네사체",
  "minecraft:crimson_planks": "진홍빛 판자",
  "minecraft:crimson_pressure_plate": "진홍빛 압력판",
  "minecraft:crimson_roots": "진홍빛 뿌리",
  "minecraft:crimson_sign": "진홍빛 표지판",
  "minecraft:crimson_slab": "진홍빛 반 블록",
  "minecraft:crimson_stairs": "진홍빛 계단",
  "minecraft:crimson_stem": "진홍빛 자루",
  "minecraft:crimson_trapdoor": "진홍빛 다락문",
  "minecraft:crimson_wall_sign": "진홍빛 벽 표지판",
  "minecraft:crossbow": "쇠뇌",
  "minecraft:crossbow:projectile": "발사체:",
  "minecraft:crying_obsidian": "우는 흑요석",
  "minecraft:cut_copper": "깎인 구리",
  "minecraft:cut_copper_slab": "깎인 구리 반 블록",
  "minecraft:cut_copper_stairs": "깎인 구리 계단",
  "minecraft:cut_red_sandstone": "깎인 붉은 사암",
  "minecraft:cut_red_sandstone_slab": "깎인 붉은 사암 반 블록",
  "minecraft:cut_sandstone": "깎인 사암",
  "minecraft:cut_sandstone_slab": "깎인 사암 반 블록",
  "minecraft:cyan_banner": "청록색 현수막",
  "minecraft:cyan_bed": "청록색 침대",
  "minecraft:cyan_candle": "청록색 초",
  "minecraft:cyan_candle_cake": "청록색 초를 꽂은 케이크",
  "minecraft:cyan_carpet": "청록색 양탄자",
  "minecraft:cyan_concrete": "청록색 콘크리트",
  "minecraft:cyan_concrete_powder": "청록색 콘크리트 가루",
  "minecraft:cyan_dye": "청록색 염료",
  "minecraft:cyan_glazed_terracotta": "청록색 유광 테라코타",
  "minecraft:cyan_shulker_box": "청록색 셜커 상자",
  "minecraft:cyan_stained_glass": "청록색 색유리",
  "minecraft:cyan_stained_glass_pane": "청록색 색유리 판",
  "minecraft:cyan_terracotta": "청록색 테라코타",
  "minecraft:cyan_wool": "청록색 양털",
  "minecraft:damaged_anvil": "손상된 모루",
  "minecraft:dandelion": "민들레",
  "minecraft:dark_oak_boat": "짙은 참나무 보트",
  "minecraft:dark_oak_button": "짙은 참나무 버튼",
  "minecraft:dark_oak_chest_boat": "상자가 실린 짙은 참나무 보트",
  "minecraft:dark_oak_door": "짙은 참나무 문",
  "minecraft:dark_oak_fence": "짙은 참나무 울타리",
  "minecraft:dark_oak_fence_gate": "짙은 참나무 울타리 문",
  "minecraft:dark_oak_leaves": "짙은 참나무 잎",
  "minecraft:dark_oak_log": "짙은 참나무 원목",
  "minecraft:dark_oak_planks": "짙은 참나무 판자",
  "minecraft:dark_oak_pressure_plate": "짙은 참나무 압력판",
  "minecraft:dark_oak_sapling": "짙은 참나무 묘목",
  "minecraft:dark_oak_sign": "짙은 참나무 표지판",
  "minecraft:dark_oak_slab": "짙은 참나무 반 블록",
  "minecraft:dark_oak_stairs": "짙은 참나무 계단",
  "minecraft:dark_oak_trapdoor": "짙은 참나무 다락문",
  "minecraft:dark_oak_wall_sign": "짙은 참나무 벽 표지판",
  "minecraft:dark_oak_wood": "짙은 참나무",
  "minecraft:dark_prismarine": "짙은 프리즈머린",
  "minecraft:dark_prismarine_slab": "짙은 프리즈머린 반 블록",
  "minecraft:dark_prismarine_stairs": "짙은 프리즈머린 계단",
  "minecraft:daylight_detector": "햇빛 감지기",
  "minecraft:dead_brain_coral": "죽은 뇌 산호",
  "minecraft:dead_brain_coral_block": "죽은 뇌 산호 블록",
  "minecraft:dead_brain_coral_fan": "죽은 부채형 뇌 산호",
  "minecraft:dead_brain_coral_wall_fan": "죽은 부채형 뇌 산호 벽",
  "minecraft:dead_bubble_coral": "죽은 거품 산호",
  "minecraft:dead_bubble_coral_block": "죽은 거품 산호 블록",
  "minecraft:dead_bubble_coral_fan": "죽은 부채형 거품 산호",
  "minecraft:dead_bubble_coral_wall_fan": "죽은 부채형 거품 산호 벽",
  "minecraft:dead_bush": "마른 덤불",
  "minecraft:dead_fire_coral": "죽은 불 산호",
  "minecraft:dead_fire_coral_block": "죽은 불 산호 블록",
  "minecraft:dead_fire_coral_fan": "죽은 부채형 불 산호",
  "minecraft:dead_fire_coral_wall_fan": "죽은 부채형 불 산호 벽",
  "minecraft:dead_horn_coral": "죽은 사방산호",
  "minecraft:dead_horn_coral_block": "죽은 사방산호 블록",
  "minecraft:dead_horn_coral_fan": "죽은 부채형 사방산호",
  "minecraft:dead_horn_coral_wall_fan": "죽은 부채형 사방산호 벽",
  "minecraft:dead_tube_coral": "죽은 관 산호",
  "minecraft:dead_tube_coral_block": "죽은 관 산호 블록",
  "minecraft:dead_tube_coral_fan": "죽은 부채형 관 산호",
  "minecraft:dead_tube_coral_wall_fan": "죽은 부채형 관 산호 벽",
  "minecraft:debug_stick": "디버그 막대기",
  "minecraft:debug_stick:empty": "%s에게 속성이 없습니다",
  "minecraft:debug_stick:select": "\\"%s\\" (%s) 선택함",
  "minecraft:debug_stick:update": "\\"%s\\"을(를) %s(으)로",
  "minecraft:deepslate": "심층암",
  "minecraft:deepslate_brick_slab": "심층암 벽돌 반 블록",
  "minecraft:deepslate_brick_stairs": "심층암 벽돌 계단",
  "minecraft:deepslate_brick_wall": "심층암 벽돌 담장",
  "minecraft:deepslate_bricks": "심층암 벽돌",
  "minecraft:deepslate_coal_ore": "심층암 석탄 광석",
  "minecraft:deepslate_copper_ore": "심층암 구리 광석",
  "minecraft:deepslate_diamond_ore": "심층암 다이아몬드 광석",
  "minecraft:deepslate_emerald_ore": "심층암 에메랄드 광석",
  "minecraft:deepslate_gold_ore": "심층암 금 광석",
  "minecraft:deepslate_iron_ore": "심층암 철 광석",
  "minecraft:deepslate_lapis_ore": "심층암 청금석 광석",
  "minecraft:deepslate_redstone_ore": "심층암 레드스톤 광석",
  "minecraft:deepslate_tile_slab": "심층암 타일 반 블록",
  "minecraft:deepslate_tile_stairs": "심층암 타일 계단",
  "minecraft:deepslate_tile_wall": "심층암 타일 담장",
  "minecraft:deepslate_tiles": "심층암 타일",
  "minecraft:detector_rail": "감지 레일",
  "minecraft:diamond": "다이아몬드",
  "minecraft:diamond_axe": "다이아몬드 도끼",
  "minecraft:diamond_block": "다이아몬드 블록",
  "minecraft:diamond_boots": "다이아몬드 부츠",
  "minecraft:diamond_chestplate": "다이아몬드 흉갑",
  "minecraft:diamond_helmet": "다이아몬드 투구",
  "minecraft:diamond_hoe": "다이아몬드 괭이",
  "minecraft:diamond_horse_armor": "다이아몬드 말 갑옷",
  "minecraft:diamond_leggings": "다이아몬드 레깅스",
  "minecraft:diamond_ore": "다이아몬드 광석",
  "minecraft:diamond_pickaxe": "다이아몬드 곡괭이",
  "minecraft:diamond_shovel": "다이아몬드 삽",
  "minecraft:diamond_sword": "다이아몬드 검",
  "minecraft:diorite": "섬록암",
  "minecraft:diorite_slab": "섬록암 반 블록",
  "minecraft:diorite_stairs": "섬록암 계단",
  "minecraft:diorite_wall": "섬록암 담장",
  "minecraft:dirt": "흙",
  "minecraft:dirt_path": "흙 길",
  "minecraft:disc_fragment_5": "음반 파편",
  "minecraft:disc_fragment_5:desc": "음반 - 5",
  "minecraft:dispenser": "발사기",
  "minecraft:dolphin_spawn_egg": "돌고래 생성 알",
  "minecraft:donkey_spawn_egg": "당나귀 생성 알",
  "minecraft:dragon_breath": "드래곤의 숨결",
  "minecraft:dragon_egg": "드래곤 알",
  "minecraft:dragon_head": "드래곤 머리",
  "minecraft:dragon_wall_head": "드래곤 벽 머리",
  "minecraft:dried_kelp": "말린 켈프",
  "minecraft:dried_kelp_block": "말린 켈프 블록",
  "minecraft:dripstone_block": "점적석 블록",
  "minecraft:dropper": "공급기",
  "minecraft:drowned_spawn_egg": "드라운드 생성 알",
  "minecraft:echo_shard": "메아리 조각",
  "minecraft:egg": "달걀",
  "minecraft:elder_guardian_spawn_egg": "엘더 가디언 생성 알",
  "minecraft:elytra": "겉날개",
  "minecraft:emerald": "에메랄드",
  "minecraft:emerald_block": "에메랄드 블록",
  "minecraft:emerald_ore": "에메랄드 광석",
  "minecraft:enchanted_book": "마법이 부여된 책",
  "minecraft:enchanted_golden_apple": "마법이 부여된 황금 사과",
  "minecraft:enchanting_table": "마법 부여대",
  "minecraft:end_crystal": "엔드 수정",
  "minecraft:end_gateway": "엔드 관문",
  "minecraft:end_portal": "엔드 차원문",
  "minecraft:end_portal_frame": "엔드 차원문 틀",
  "minecraft:end_rod": "엔드 막대기",
  "minecraft:end_stone": "엔드 돌",
  "minecraft:end_stone_brick_slab": "엔드 석재 벽돌 반 블록",
  "minecraft:end_stone_brick_stairs": "엔드 석재 벽돌 계단",
  "minecraft:end_stone_brick_wall": "엔드 석재 벽돌 담장",
  "minecraft:end_stone_bricks": "엔드 석재 벽돌",
  "minecraft:ender_chest": "엔더 상자",
  "minecraft:ender_eye": "엔더의 눈",
  "minecraft:ender_pearl": "엔더 진주",
  "minecraft:enderman_spawn_egg": "엔더맨 생성 알",
  "minecraft:endermite_spawn_egg": "엔더마이트 생성 알",
  "minecraft:evoker_spawn_egg": "소환사 생성 알",
  "minecraft:experience_bottle": "경험치 병",
  "minecraft:exposed_copper": "약간 녹슨 구리",
  "minecraft:exposed_cut_copper": "약간 녹슨 깎인 구리",
  "minecraft:exposed_cut_copper_slab": "약간 녹슨 깎인 구리 반 블록",
  "minecraft:exposed_cut_copper_stairs": "약간 녹슨 깎인 구리 계단",
  "minecraft:farmland": "경작지",
  "minecraft:feather": "깃털",
  "minecraft:fermented_spider_eye": "발효된 거미 눈",
  "minecraft:fern": "고사리",
  "minecraft:filled_map": "지도",
  "minecraft:fire": "불",
  "minecraft:fire_charge": "화염구",
  "minecraft:fire_coral": "불 산호",
  "minecraft:fire_coral_block": "불 산호 블록",
  "minecraft:fire_coral_fan": "부채형 불 산호",
  "minecraft:fire_coral_wall_fan": "부채형 불 산호 벽",
  "minecraft:firework_rocket": "폭죽 로켓",
  "minecraft:firework_rocket:flight": "체공 시간:",
  "minecraft:firework_star": "폭죽 탄약",
  "minecraft:firework_star:black": "검은색",
  "minecraft:firework_star:blue": "파란색",
  "minecraft:firework_star:brown": "갈색",
  "minecraft:firework_star:custom_color": "사용자 지정",
  "minecraft:firework_star:cyan": "청록색",
  "minecraft:firework_star:fade_to": "사라지는 효과",
  "minecraft:firework_star:flicker": "반짝이는 효과",
  "minecraft:firework_star:gray": "회색",
  "minecraft:firework_star:green": "초록색",
  "minecraft:firework_star:light_blue": "하늘색",
  "minecraft:firework_star:light_gray": "회백색",
  "minecraft:firework_star:lime": "연두색",
  "minecraft:firework_star:magenta": "자홍색",
  "minecraft:firework_star:orange": "주황색",
  "minecraft:firework_star:pink": "분홍색",
  "minecraft:firework_star:purple": "보라색",
  "minecraft:firework_star:red": "빨간색",
  "minecraft:firework_star:shape": "알 수 없는 모양",
  "minecraft:firework_star:shape:burst": "폭발형",
  "minecraft:firework_star:shape:creeper": "크리퍼 모양",
  "minecraft:firework_star:shape:large_ball": "큰 구형",
  "minecraft:firework_star:shape:small_ball": "작은 구형",
  "minecraft:firework_star:shape:star": "별 모양",
  "minecraft:firework_star:trail": "잔상 효과",
  "minecraft:firework_star:white": "하얀색",
  "minecraft:firework_star:yellow": "노란색",
  "minecraft:fishing_rod": "낚싯대",
  "minecraft:fletching_table": "화살 작업대",
  "minecraft:flint": "부싯돌",
  "minecraft:flint_and_steel": "부싯돌과 부시",
  "minecraft:flower_banner_pattern": "현수막 무늬",
  "minecraft:flower_banner_pattern:desc": "꽃 모양",
  "minecraft:flower_pot": "화분",
  "minecraft:flowering_azalea": "꽃 핀 진달래",
  "minecraft:flowering_azalea_leaves": "꽃 핀 진달래 잎",
  "minecraft:fox_spawn_egg": "여우 생성 알",
  "minecraft:frog_spawn_egg": "개구리 생성 알",
  "minecraft:frogspawn": "개구리알",
  "minecraft:frosted_ice": "살얼음",
  "minecraft:furnace": "화로",
  "minecraft:furnace_minecart": "화로가 실린 광산 수레",
  "minecraft:ghast_spawn_egg": "가스트 생성 알",
  "minecraft:ghast_tear": "가스트 눈물",
  "minecraft:gilded_blackstone": "황금이 박힌 흑암",
  "minecraft:glass": "유리",
  "minecraft:glass_bottle": "유리병",
  "minecraft:glass_pane": "유리판",
  "minecraft:glistering_melon_slice": "반짝이는 수박 조각",
  "minecraft:globe_banner_pattern": "현수막 무늬",
  "minecraft:globe_banner_pattern:desc": "지구 모양",
  "minecraft:glow_berries": "발광 열매",
  "minecraft:glow_ink_sac": "발광 먹물 주머니",
  "minecraft:glow_item_frame": "발광 아이템 액자",
  "minecraft:glow_lichen": "발광 이끼",
  "minecraft:glow_squid_spawn_egg": "발광 오징어 생성 알",
  "minecraft:glowstone": "발광석",
  "minecraft:glowstone_dust": "발광석 가루",
  "minecraft:goat_horn": "염소 뿔",
  "minecraft:goat_spawn_egg": "염소 생성 알",
  "minecraft:gold_block": "금 블록",
  "minecraft:gold_ingot": "금 주괴",
  "minecraft:gold_nugget": "금 조각",
  "minecraft:gold_ore": "금 광석",
  "minecraft:golden_apple": "황금 사과",
  "minecraft:golden_axe": "금 도끼",
  "minecraft:golden_boots": "금 부츠",
  "minecraft:golden_carrot": "황금 당근",
  "minecraft:golden_chestplate": "금 흉갑",
  "minecraft:golden_helmet": "금 투구",
  "minecraft:golden_hoe": "금 괭이",
  "minecraft:golden_horse_armor": "금 말 갑옷",
  "minecraft:golden_leggings": "금 레깅스",
  "minecraft:golden_pickaxe": "금 곡괭이",
  "minecraft:golden_shovel": "금 삽",
  "minecraft:golden_sword": "금 검",
  "minecraft:granite": "화강암",
  "minecraft:granite_slab": "화강암 반 블록",
  "minecraft:granite_stairs": "화강암 계단",
  "minecraft:granite_wall": "화강암 담장",
  "minecraft:grass": "잔디",
  "minecraft:grass_block": "잔디 블록",
  "minecraft:gravel": "자갈",
  "minecraft:gray_banner": "회색 현수막",
  "minecraft:gray_bed": "회색 침대",
  "minecraft:gray_candle": "회색 초",
  "minecraft:gray_candle_cake": "회색 초를 꽂은 케이크",
  "minecraft:gray_carpet": "회색 양탄자",
  "minecraft:gray_concrete": "회색 콘크리트",
  "minecraft:gray_concrete_powder": "회색 콘크리트 가루",
  "minecraft:gray_dye": "회색 염료",
  "minecraft:gray_glazed_terracotta": "회색 유광 테라코타",
  "minecraft:gray_shulker_box": "회색 셜커 상자",
  "minecraft:gray_stained_glass": "회색 색유리",
  "minecraft:gray_stained_glass_pane": "회색 색유리 판",
  "minecraft:gray_terracotta": "회색 테라코타",
  "minecraft:gray_wool": "회색 양털",
  "minecraft:green_banner": "초록색 현수막",
  "minecraft:green_bed": "초록색 침대",
  "minecraft:green_candle": "초록색 초",
  "minecraft:green_candle_cake": "초록색 초를 꽂은 케이크",
  "minecraft:green_carpet": "초록색 양탄자",
  "minecraft:green_concrete": "초록색 콘크리트",
  "minecraft:green_concrete_powder": "초록색 콘크리트 가루",
  "minecraft:green_dye": "초록색 염료",
  "minecraft:green_glazed_terracotta": "초록색 유광 테라코타",
  "minecraft:green_shulker_box": "초록색 셜커 상자",
  "minecraft:green_stained_glass": "초록색 색유리",
  "minecraft:green_stained_glass_pane": "초록색 색유리 판",
  "minecraft:green_terracotta": "초록색 테라코타",
  "minecraft:green_wool": "초록색 양털",
  "minecraft:grindstone": "숫돌",
  "minecraft:guardian_spawn_egg": "가디언 생성 알",
  "minecraft:gunpowder": "화약",
  "minecraft:hanging_roots": "매달린 뿌리",
  "minecraft:hay_block": "건초 더미",
  "minecraft:heart_of_the_sea": "바다의 심장",
  "minecraft:heavy_weighted_pressure_plate": "중형 무게 압력판",
  "minecraft:hoglin_spawn_egg": "호글린 생성 알",
  "minecraft:honey_block": "꿀 블록",
  "minecraft:honey_bottle": "꿀이 든 병",
  "minecraft:honeycomb": "벌집 조각",
  "minecraft:honeycomb_block": "벌집 조각 블록",
  "minecraft:hopper": "호퍼",
  "minecraft:hopper_minecart": "호퍼가 실린 광산 수레",
  "minecraft:horn_coral": "사방산호",
  "minecraft:horn_coral_block": "사방산호 블록",
  "minecraft:horn_coral_fan": "부채형 사방산호",
  "minecraft:horn_coral_wall_fan": "부채형 사방산호 벽",
  "minecraft:horse_spawn_egg": "말 생성 알",
  "minecraft:husk_spawn_egg": "허스크 생성 알",
  "minecraft:ice": "얼음",
  "minecraft:infested_chiseled_stone_bricks": "벌레 먹은 조각된 석재 벽돌",
  "minecraft:infested_cobblestone": "벌레 먹은 조약돌",
  "minecraft:infested_cracked_stone_bricks": "벌레 먹은 금 간 석재 벽돌",
  "minecraft:infested_deepslate": "벌레 먹은 심층암",
  "minecraft:infested_mossy_stone_bricks": "벌레 먹은 이끼 낀 석재 벽돌",
  "minecraft:infested_stone": "벌레 먹은 돌",
  "minecraft:infested_stone_bricks": "벌레 먹은 석재 벽돌",
  "minecraft:ink_sac": "먹물 주머니",
  "minecraft:iron_axe": "철 도끼",
  "minecraft:iron_bars": "철창",
  "minecraft:iron_block": "철 블록",
  "minecraft:iron_boots": "철 부츠",
  "minecraft:iron_chestplate": "철 흉갑",
  "minecraft:iron_door": "철문",
  "minecraft:iron_helmet": "철 투구",
  "minecraft:iron_hoe": "철 괭이",
  "minecraft:iron_horse_armor": "철 말 갑옷",
  "minecraft:iron_ingot": "철 주괴",
  "minecraft:iron_leggings": "철 레깅스",
  "minecraft:iron_nugget": "철 조각",
  "minecraft:iron_ore": "철 광석",
  "minecraft:iron_pickaxe": "철 곡괭이",
  "minecraft:iron_shovel": "철 삽",
  "minecraft:iron_sword": "철 검",
  "minecraft:iron_trapdoor": "철 다락문",
  "minecraft:item_frame": "아이템 액자",
  "minecraft:jack_o_lantern": "잭오랜턴",
  "minecraft:jigsaw": "직소 블록",
  "minecraft:jukebox": "주크박스",
  "minecraft:jungle_boat": "정글나무 보트",
  "minecraft:jungle_button": "정글나무 버튼",
  "minecraft:jungle_chest_boat": "상자가 실린 정글나무 보트",
  "minecraft:jungle_door": "정글나무 문",
  "minecraft:jungle_fence": "정글나무 울타리",
  "minecraft:jungle_fence_gate": "정글나무 울타리 문",
  "minecraft:jungle_leaves": "정글나무 잎",
  "minecraft:jungle_log": "정글나무 원목",
  "minecraft:jungle_planks": "정글나무 판자",
  "minecraft:jungle_pressure_plate": "정글나무 압력판",
  "minecraft:jungle_sapling": "정글나무 묘목",
  "minecraft:jungle_sign": "정글나무 표지판",
  "minecraft:jungle_slab": "정글나무 반 블록",
  "minecraft:jungle_stairs": "정글나무 계단",
  "minecraft:jungle_trapdoor": "정글나무 다락문",
  "minecraft:jungle_wall_sign": "정글나무 벽 표지판",
  "minecraft:jungle_wood": "정글나무",
  "minecraft:kelp": "켈프",
  "minecraft:kelp_plant": "켈프 식물",
  "minecraft:knowledge_book": "지식의 책",
  "minecraft:ladder": "사다리",
  "minecraft:lantern": "랜턴",
  "minecraft:lapis_block": "청금석 블록",
  "minecraft:lapis_lazuli": "청금석",
  "minecraft:lapis_ore": "청금석 광석",
  "minecraft:large_amethyst_bud": "큰 자수정 봉오리",
  "minecraft:large_fern": "큰 고사리",
  "minecraft:lava": "용암",
  "minecraft:lava_bucket": "용암 양동이",
  "minecraft:lava_cauldron": "용암 가마솥",
  "minecraft:lead": "끈",
  "minecraft:leather": "가죽",
  "minecraft:leather_boots": "가죽 장화",
  "minecraft:leather_chestplate": "가죽 조끼",
  "minecraft:leather_helmet": "가죽 모자",
  "minecraft:leather_horse_armor": "가죽 말 갑옷",
  "minecraft:leather_leggings": "가죽 바지",
  "minecraft:lectern": "독서대",
  "minecraft:lever": "레버",
  "minecraft:light": "빛",
  "minecraft:light_blue_banner": "하늘색 현수막",
  "minecraft:light_blue_bed": "하늘색 침대",
  "minecraft:light_blue_candle": "하늘색 초",
  "minecraft:light_blue_candle_cake": "하늘색 초를 꽂은 케이크",
  "minecraft:light_blue_carpet": "하늘색 양탄자",
  "minecraft:light_blue_concrete": "하늘색 콘크리트",
  "minecraft:light_blue_concrete_powder": "하늘색 콘크리트 가루",
  "minecraft:light_blue_dye": "하늘색 염료",
  "minecraft:light_blue_glazed_terracotta": "하늘색 유광 테라코타",
  "minecraft:light_blue_shulker_box": "하늘색 셜커 상자",
  "minecraft:light_blue_stained_glass": "하늘색 색유리",
  "minecraft:light_blue_stained_glass_pane": "하늘색 색유리 판",
  "minecraft:light_blue_terracotta": "하늘색 테라코타",
  "minecraft:light_blue_wool": "하늘색 양털",
  "minecraft:light_gray_banner": "회백색 현수막",
  "minecraft:light_gray_bed": "회백색 침대",
  "minecraft:light_gray_candle": "회백색 초",
  "minecraft:light_gray_candle_cake": "회백색 초를 꽂은 케이크",
  "minecraft:light_gray_carpet": "회백색 양탄자",
  "minecraft:light_gray_concrete": "회백색 콘크리트",
  "minecraft:light_gray_concrete_powder": "회백색 콘크리트 가루",
  "minecraft:light_gray_dye": "회백색 염료",
  "minecraft:light_gray_glazed_terracotta": "회백색 유광 테라코타",
  "minecraft:light_gray_shulker_box": "회백색 셜커 상자",
  "minecraft:light_gray_stained_glass": "회백색 색유리",
  "minecraft:light_gray_stained_glass_pane": "회백색 색유리 판",
  "minecraft:light_gray_terracotta": "회백색 테라코타",
  "minecraft:light_gray_wool": "회백색 양털",
  "minecraft:light_weighted_pressure_plate": "경형 무게 압력판",
  "minecraft:lightning_rod": "피뢰침",
  "minecraft:lilac": "라일락",
  "minecraft:lily_of_the_valley": "은방울꽃",
  "minecraft:lily_pad": "수련잎",
  "minecraft:lime_banner": "연두색 현수막",
  "minecraft:lime_bed": "연두색 침대",
  "minecraft:lime_candle": "연두색 초",
  "minecraft:lime_candle_cake": "연두색 초를 꽂은 케이크",
  "minecraft:lime_carpet": "연두색 양탄자",
  "minecraft:lime_concrete": "연두색 콘크리트",
  "minecraft:lime_concrete_powder": "연두색 콘크리트 가루",
  "minecraft:lime_dye": "연두색 염료",
  "minecraft:lime_glazed_terracotta": "연두색 유광 테라코타",
  "minecraft:lime_shulker_box": "연두색 셜커 상자",
  "minecraft:lime_stained_glass": "연두색 색유리",
  "minecraft:lime_stained_glass_pane": "연두색 색유리 판",
  "minecraft:lime_terracotta": "연두색 테라코타",
  "minecraft:lime_wool": "연두색 양털",
  "minecraft:lingering_potion": "잔류형 물약",
  "minecraft:lingering_potion:effect:awkward": "잔류형 어색한 물약",
  "minecraft:lingering_potion:effect:empty": "잔류형 제작 불가능 물약",
  "minecraft:lingering_potion:effect:fire_resistance": "잔류형 화염 저항의 물약",
  "minecraft:lingering_potion:effect:harming": "잔류형 고통의 물약",
  "minecraft:lingering_potion:effect:healing": "잔류형 치유의 물약",
  "minecraft:lingering_potion:effect:invisibility": "잔류형 투명화 물약",
  "minecraft:lingering_potion:effect:leaping": "잔류형 도약의 물약",
  "minecraft:lingering_potion:effect:levitation": "잔류형 공중 부양의 물약",
  "minecraft:lingering_potion:effect:luck": "잔류형 행운의 물약",
  "minecraft:lingering_potion:effect:mundane": "잔류형 평범한 물약",
  "minecraft:lingering_potion:effect:night_vision": "잔류형 야간 투시의 물약",
  "minecraft:lingering_potion:effect:poison": "잔류형 독 물약",
  "minecraft:lingering_potion:effect:regeneration": "잔류형 재생의 물약",
  "minecraft:lingering_potion:effect:slow_falling": "잔류형 느린 낙하의 물약",
  "minecraft:lingering_potion:effect:slowness": "잔류형 감속의 물약",
  "minecraft:lingering_potion:effect:strength": "잔류형 힘의 물약",
  "minecraft:lingering_potion:effect:swiftness": "잔류형 신속의 물약",
  "minecraft:lingering_potion:effect:thick": "잔류형 진한 물약",
  "minecraft:lingering_potion:effect:turtle_master": "잔류형 거북 도사의 물약",
  "minecraft:lingering_potion:effect:water": "잔류형 물병",
  "minecraft:lingering_potion:effect:water_breathing": "잔류형 수중 호흡의 물약",
  "minecraft:lingering_potion:effect:weakness": "잔류형 나약함의 물약",
  "minecraft:llama_spawn_egg": "라마 생성 알",
  "minecraft:lodestone": "자석석",
  "minecraft:lodestone_compass": "자석석 나침반",
  "minecraft:loom": "베틀",
  "minecraft:magenta_banner": "자홍색 현수막",
  "minecraft:magenta_bed": "자홍색 침대",
  "minecraft:magenta_candle": "자홍색 초",
  "minecraft:magenta_candle_cake": "자홍색 초를 꽂은 케이크",
  "minecraft:magenta_carpet": "자홍색 양탄자",
  "minecraft:magenta_concrete": "자홍색 콘크리트",
  "minecraft:magenta_concrete_powder": "자홍색 콘크리트 가루",
  "minecraft:magenta_dye": "자홍색 염료",
  "minecraft:magenta_glazed_terracotta": "자홍색 유광 테라코타",
  "minecraft:magenta_shulker_box": "자홍색 셜커 상자",
  "minecraft:magenta_stained_glass": "자홍색 색유리",
  "minecraft:magenta_stained_glass_pane": "자홍색 색유리 판",
  "minecraft:magenta_terracotta": "자홍색 테라코타",
  "minecraft:magenta_wool": "자홍색 양털",
  "minecraft:magma_block": "마그마 블록",
  "minecraft:magma_cream": "마그마 크림",
  "minecraft:magma_cube_spawn_egg": "마그마 큐브 생성 알",
  "minecraft:mangrove_boat": "맹그로브나무 보트",
  "minecraft:mangrove_button": "맹그로브나무 버튼",
  "minecraft:mangrove_chest_boat": "상자가 실린 맹그로브나무 보트",
  "minecraft:mangrove_door": "맹그로브나무 문",
  "minecraft:mangrove_fence": "맹그로브나무 울타리",
  "minecraft:mangrove_fence_gate": "맹그로브나무 울타리 문",
  "minecraft:mangrove_leaves": "맹그로브나무 잎",
  "minecraft:mangrove_log": "맹그로브나무 원목",
  "minecraft:mangrove_planks": "맹그로브나무 판자",
  "minecraft:mangrove_pressure_plate": "맹그로브나무 압력판",
  "minecraft:mangrove_propagule": "맹그로브나무 주아",
  "minecraft:mangrove_roots": "맹그로브나무 뿌리",
  "minecraft:mangrove_sign": "맹그로브나무 표지판",
  "minecraft:mangrove_slab": "맹그로브나무 반 블록",
  "minecraft:mangrove_stairs": "맹그로브나무 계단",
  "minecraft:mangrove_trapdoor": "맹그로브나무 다락문",
  "minecraft:mangrove_wall_sign": "맹그로브나무 벽 표지판",
  "minecraft:mangrove_wood": "맹그로브나무",
  "minecraft:map": "빈 지도",
  "minecraft:medium_amethyst_bud": "중간 자수정 봉오리",
  "minecraft:melon": "수박",
  "minecraft:melon_seeds": "수박씨",
  "minecraft:melon_slice": "수박 조각",
  "minecraft:melon_stem": "수박 줄기",
  "minecraft:milk_bucket": "우유 양동이",
  "minecraft:minecart": "광산 수레",
  "minecraft:mojang_banner_pattern": "현수막 무늬",
  "minecraft:mojang_banner_pattern:desc": "무언가",
  "minecraft:mooshroom_spawn_egg": "무시룸 생성 알",
  "minecraft:moss_block": "이끼 블록",
  "minecraft:moss_carpet": "이끼 바닥",
  "minecraft:mossy_cobblestone": "이끼 낀 조약돌",
  "minecraft:mossy_cobblestone_slab": "이끼 낀 조약돌 반 블록",
  "minecraft:mossy_cobblestone_stairs": "이끼 낀 조약돌 계단",
  "minecraft:mossy_cobblestone_wall": "이끼 낀 조약돌 담장",
  "minecraft:mossy_stone_brick_slab": "이끼 낀 석재 벽돌 반 블록",
  "minecraft:mossy_stone_brick_stairs": "이끼 낀 석재 벽돌 계단",
  "minecraft:mossy_stone_brick_wall": "이끼 낀 석재 벽돌 담장",
  "minecraft:mossy_stone_bricks": "이끼 낀 석재 벽돌",
  "minecraft:moving_piston": "움직이는 피스톤",
  "minecraft:mud": "진흙",
  "minecraft:mud_brick_slab": "진흙 벽돌 반 블록",
  "minecraft:mud_brick_stairs": "진흙 벽돌 계단",
  "minecraft:mud_brick_wall": "진흙 벽돌 담장",
  "minecraft:mud_bricks": "진흙 벽돌",
  "minecraft:muddy_mangrove_roots": "진흙에 묻힌 맹그로브나무 뿌리",
  "minecraft:mule_spawn_egg": "노새 생성 알",
  "minecraft:mushroom_stem": "버섯 자루",
  "minecraft:mushroom_stew": "버섯 스튜",
  "minecraft:music_disc_11": "음반",
  "minecraft:music_disc_11:desc": "C418 - 11",
  "minecraft:music_disc_13": "음반",
  "minecraft:music_disc_13:desc": "C418 - 13",
  "minecraft:music_disc_5": "음반",
  "minecraft:music_disc_5:desc": "Samuel Åberg - 5",
  "minecraft:music_disc_blocks": "음반",
  "minecraft:music_disc_blocks:desc": "C418 - blocks",
  "minecraft:music_disc_cat": "음반",
  "minecraft:music_disc_cat:desc": "C418 - cat",
  "minecraft:music_disc_chirp": "음반",
  "minecraft:music_disc_chirp:desc": "C418 - chirp",
  "minecraft:music_disc_far": "음반",
  "minecraft:music_disc_far:desc": "C418 - far",
  "minecraft:music_disc_mall": "음반",
  "minecraft:music_disc_mall:desc": "C418 - mall",
  "minecraft:music_disc_mellohi": "음반",
  "minecraft:music_disc_mellohi:desc": "C418 - mellohi",
  "minecraft:music_disc_otherside": "음반",
  "minecraft:music_disc_otherside:desc": "Lena Raine - otherside",
  "minecraft:music_disc_pigstep": "음반",
  "minecraft:music_disc_pigstep:desc": "Lena Raine - Pigstep",
  "minecraft:music_disc_stal": "음반",
  "minecraft:music_disc_stal:desc": "C418 - stal",
  "minecraft:music_disc_strad": "음반",
  "minecraft:music_disc_strad:desc": "C418 - strad",
  "minecraft:music_disc_wait": "음반",
  "minecraft:music_disc_wait:desc": "C418 - wait",
  "minecraft:music_disc_ward": "음반",
  "minecraft:music_disc_ward:desc": "C418 - ward",
  "minecraft:mutton": "익히지 않은 양고기",
  "minecraft:mycelium": "균사체",
  "minecraft:name_tag": "이름표",
  "minecraft:nautilus_shell": "앵무조개 껍데기",
  "minecraft:nether_brick": "네더 벽돌",
  "minecraft:nether_brick_fence": "네더 벽돌 울타리",
  "minecraft:nether_brick_slab": "네더 벽돌 반 블록",
  "minecraft:nether_brick_stairs": "네더 벽돌 계단",
  "minecraft:nether_brick_wall": "네더 벽돌 담장",
  "minecraft:nether_bricks": "네더 벽돌",
  "minecraft:nether_gold_ore": "네더 금 광석",
  "minecraft:nether_portal": "네더 차원문",
  "minecraft:nether_quartz_ore": "네더 석영 광석",
  "minecraft:nether_sprouts": "네더 싹",
  "minecraft:nether_star": "네더의 별",
  "minecraft:nether_wart": "네더 사마귀",
  "minecraft:nether_wart_block": "네더 사마귀 블록",
  "minecraft:netherite_axe": "네더라이트 도끼",
  "minecraft:netherite_block": "네더라이트 블록",
  "minecraft:netherite_boots": "네더라이트 부츠",
  "minecraft:netherite_chestplate": "네더라이트 흉갑",
  "minecraft:netherite_helmet": "네더라이트 투구",
  "minecraft:netherite_hoe": "네더라이트 괭이",
  "minecraft:netherite_ingot": "네더라이트 주괴",
  "minecraft:netherite_leggings": "네더라이트 레깅스",
  "minecraft:netherite_pickaxe": "네더라이트 곡괭이",
  "minecraft:netherite_scrap": "네더라이트 파편",
  "minecraft:netherite_shovel": "네더라이트 삽",
  "minecraft:netherite_sword": "네더라이트 검",
  "minecraft:netherrack": "네더랙",
  "minecraft:note_block": "소리 블록",
  "minecraft:oak_boat": "참나무 보트",
  "minecraft:oak_button": "참나무 버튼",
  "minecraft:oak_chest_boat": "상자가 실린 참나무 보트",
  "minecraft:oak_door": "참나무 문",
  "minecraft:oak_fence": "참나무 울타리",
  "minecraft:oak_fence_gate": "참나무 울타리 문",
  "minecraft:oak_leaves": "참나무 잎",
  "minecraft:oak_log": "참나무 원목",
  "minecraft:oak_planks": "참나무 판자",
  "minecraft:oak_pressure_plate": "참나무 압력판",
  "minecraft:oak_sapling": "참나무 묘목",
  "minecraft:oak_sign": "참나무 표지판",
  "minecraft:oak_slab": "참나무 반 블록",
  "minecraft:oak_stairs": "참나무 계단",
  "minecraft:oak_trapdoor": "참나무 다락문",
  "minecraft:oak_wall_sign": "참나무 벽 표지판",
  "minecraft:oak_wood": "참나무",
  "minecraft:observer": "관측기",
  "minecraft:obsidian": "흑요석",
  "minecraft:ocelot_spawn_egg": "오실롯 생성 알",
  "minecraft:ochre_froglight": "황톳빛 개구리불",
  "minecraft:ominous_banner": "불길한 현수막",
  "minecraft:orange_banner": "주황색 현수막",
  "minecraft:orange_bed": "주황색 침대",
  "minecraft:orange_candle": "주황색 초",
  "minecraft:orange_candle_cake": "주황색 초를 꽂은 케이크",
  "minecraft:orange_carpet": "주황색 양탄자",
  "minecraft:orange_concrete": "주황색 콘크리트",
  "minecraft:orange_concrete_powder": "주황색 콘크리트 가루",
  "minecraft:orange_dye": "주황색 염료",
  "minecraft:orange_glazed_terracotta": "주황색 유광 테라코타",
  "minecraft:orange_shulker_box": "주황색 셜커 상자",
  "minecraft:orange_stained_glass": "주황색 색유리",
  "minecraft:orange_stained_glass_pane": "주황색 색유리 판",
  "minecraft:orange_terracotta": "주황색 테라코타",
  "minecraft:orange_tulip": "주황색 튤립",
  "minecraft:orange_wool": "주황색 양털",
  "minecraft:oxeye_daisy": "데이지",
  "minecraft:oxidized_copper": "산화된 구리",
  "minecraft:oxidized_cut_copper": "산화된 깎인 구리",
  "minecraft:oxidized_cut_copper_slab": "산화된 깎인 구리 반 블록",
  "minecraft:oxidized_cut_copper_stairs": "산화된 깎인 구리 계단",
  "minecraft:packed_ice": "꽁꽁 언 얼음",
  "minecraft:packed_mud": "단단한 진흙",
  "minecraft:painting": "그림",
  "minecraft:panda_spawn_egg": "판다 생성 알",
  "minecraft:paper": "종이",
  "minecraft:parrot_spawn_egg": "앵무새 생성 알",
  "minecraft:pearlescent_froglight": "진줏빛 개구리불",
  "minecraft:peony": "모란",
  "minecraft:petrified_oak_slab": "규화한 참나무 반 블록",
  "minecraft:phantom_membrane": "팬텀 막",
  "minecraft:phantom_spawn_egg": "팬텀 생성 알",
  "minecraft:pig_spawn_egg": "돼지 생성 알",
  "minecraft:piglin_banner_pattern": "현수막 무늬",
  "minecraft:piglin_banner_pattern:desc": "돼지코",
  "minecraft:piglin_brute_spawn_egg": "난폭한 피글린 생성 알",
  "minecraft:piglin_spawn_egg": "피글린 생성 알",
  "minecraft:pillager_spawn_egg": "약탈자 생성 알",
  "minecraft:pink_banner": "분홍색 현수막",
  "minecraft:pink_bed": "분홍색 침대",
  "minecraft:pink_candle": "분홍색 초",
  "minecraft:pink_candle_cake": "분홍색 초를 꽂은 케이크",
  "minecraft:pink_carpet": "분홍색 양탄자",
  "minecraft:pink_concrete": "분홍색 콘크리트",
  "minecraft:pink_concrete_powder": "분홍색 콘크리트 가루",
  "minecraft:pink_dye": "분홍색 염료",
  "minecraft:pink_glazed_terracotta": "분홍색 유광 테라코타",
  "minecraft:pink_shulker_box": "분홍색 셜커 상자",
  "minecraft:pink_stained_glass": "분홍색 색유리",
  "minecraft:pink_stained_glass_pane": "분홍색 색유리 판",
  "minecraft:pink_terracotta": "분홍색 테라코타",
  "minecraft:pink_tulip": "분홍색 튤립",
  "minecraft:pink_wool": "분홍색 양털",
  "minecraft:piston": "피스톤",
  "minecraft:piston_head": "피스톤 헤드",
  "minecraft:player_head": "플레이어 머리",
  "minecraft:player_head:named": "%s의 머리",
  "minecraft:player_wall_head": "플레이어 벽 머리",
  "minecraft:podzol": "회백토",
  "minecraft:pointed_dripstone": "뾰족한 점적석",
  "minecraft:poisonous_potato": "독이 있는 감자",
  "minecraft:polar_bear_spawn_egg": "북극곰 생성 알",
  "minecraft:polished_andesite": "윤나는 안산암",
  "minecraft:polished_andesite_slab": "윤나는 안산암 반 블록",
  "minecraft:polished_andesite_stairs": "윤나는 안산암 계단",
  "minecraft:polished_basalt": "윤나는 현무암",
  "minecraft:polished_blackstone": "윤나는 흑암",
  "minecraft:polished_blackstone_brick_slab": "윤나는 흑암 벽돌 반 블록",
  "minecraft:polished_blackstone_brick_stairs": "윤나는 흑암 벽돌 계단",
  "minecraft:polished_blackstone_brick_wall": "윤나는 흑암 벽돌 담장",
  "minecraft:polished_blackstone_bricks": "윤나는 흑암 벽돌",
  "minecraft:polished_blackstone_button": "윤나는 흑암 버튼",
  "minecraft:polished_blackstone_pressure_plate": "윤나는 흑암 압력판",
  "minecraft:polished_blackstone_slab": "윤나는 흑암 반 블록",
  "minecraft:polished_blackstone_stairs": "윤나는 흑암 계단",
  "minecraft:polished_blackstone_wall": "윤나는 흑암 담장",
  "minecraft:polished_deepslate": "윤나는 심층암",
  "minecraft:polished_deepslate_slab": "윤나는 심층암 반 블록",
  "minecraft:polished_deepslate_stairs": "윤나는 심층암 계단",
  "minecraft:polished_deepslate_wall": "윤나는 심층암 담장",
  "minecraft:polished_diorite": "윤나는 섬록암",
  "minecraft:polished_diorite_slab": "윤나는 섬록암 반 블록",
  "minecraft:polished_diorite_stairs": "윤나는 섬록암 계단",
  "minecraft:polished_granite": "윤나는 화강암",
  "minecraft:polished_granite_slab": "윤나는 화강암 반 블록",
  "minecraft:polished_granite_stairs": "윤나는 화강암 계단",
  "minecraft:popped_chorus_fruit": "튀긴 후렴과",
  "minecraft:poppy": "양귀비",
  "minecraft:porkchop": "익히지 않은 돼지고기",
  "minecraft:potato": "감자",
  "minecraft:potatoes": "감자",
  "minecraft:potion": "물약",
  "minecraft:potion:effect:awkward": "어색한 물약",
  "minecraft:potion:effect:empty": "제작 불가능 물약",
  "minecraft:potion:effect:fire_resistance": "화염 저항의 물약",
  "minecraft:potion:effect:harming": "고통의 물약",
  "minecraft:potion:effect:healing": "치유의 물약",
  "minecraft:potion:effect:invisibility": "투명화 물약",
  "minecraft:potion:effect:leaping": "도약의 물약",
  "minecraft:potion:effect:levitation": "공중 부양의 물약",
  "minecraft:potion:effect:luck": "행운의 물약",
  "minecraft:potion:effect:mundane": "평범한 물약",
  "minecraft:potion:effect:night_vision": "야간 투시의 물약",
  "minecraft:potion:effect:poison": "독 물약",
  "minecraft:potion:effect:regeneration": "재생의 물약",
  "minecraft:potion:effect:slow_falling": "느린 낙하의 물약",
  "minecraft:potion:effect:slowness": "감속의 물약",
  "minecraft:potion:effect:strength": "힘의 물약",
  "minecraft:potion:effect:swiftness": "신속의 물약",
  "minecraft:potion:effect:thick": "진한 물약",
  "minecraft:potion:effect:turtle_master": "거북 도사의 물약",
  "minecraft:potion:effect:water": "물병",
  "minecraft:potion:effect:water_breathing": "수중 호흡의 물약",
  "minecraft:potion:effect:weakness": "나약함의 물약",
  "minecraft:potted_acacia_sapling": "화분에 심은 아카시아나무 묘목",
  "minecraft:potted_allium": "화분에 심은 파꽃",
  "minecraft:potted_azalea_bush": "화분에 심은 진달래",
  "minecraft:potted_azure_bluet": "화분에 심은 선애기별꽃",
  "minecraft:potted_bamboo": "화분에 심은 대나무",
  "minecraft:potted_birch_sapling": "화분에 심은 자작나무 묘목",
  "minecraft:potted_blue_orchid": "화분에 심은 파란색 난초",
  "minecraft:potted_brown_mushroom": "화분에 심은 갈색 버섯",
  "minecraft:potted_cactus": "화분에 심은 선인장",
  "minecraft:potted_cornflower": "화분에 심은 수레국화",
  "minecraft:potted_crimson_fungus": "화분에 심은 진홍빛 균",
  "minecraft:potted_crimson_roots": "화분에 심은 진홍빛 뿌리",
  "minecraft:potted_dandelion": "화분에 심은 민들레",
  "minecraft:potted_dark_oak_sapling": "화분에 심은 짙은 참나무 묘목",
  "minecraft:potted_dead_bush": "화분에 심은 마른 덤불",
  "minecraft:potted_fern": "화분에 심은 고사리",
  "minecraft:potted_flowering_azalea_bush": "화분에 심은 꽃 핀 진달래",
  "minecraft:potted_jungle_sapling": "화분에 심은 정글나무 묘목",
  "minecraft:potted_lily_of_the_valley": "화분에 심은 은방울꽃",
  "minecraft:potted_mangrove_propagule": "화분에 심은 맹그로브나무 주아",
  "minecraft:potted_oak_sapling": "화분에 심은 참나무 묘목",
  "minecraft:potted_orange_tulip": "화분에 심은 주황색 튤립",
  "minecraft:potted_oxeye_daisy": "화분에 심은 데이지",
  "minecraft:potted_pink_tulip": "화분에 심은 분홍색 튤립",
  "minecraft:potted_poppy": "화분에 심은 양귀비",
  "minecraft:potted_red_mushroom": "화분에 심은 빨간색 버섯",
  "minecraft:potted_red_tulip": "화분에 심은 빨간색 튤립",
  "minecraft:potted_spruce_sapling": "화분에 심은 가문비나무 묘목",
  "minecraft:potted_warped_fungus": "화분에 심은 뒤틀린 균",
  "minecraft:potted_warped_roots": "화분에 심은 뒤틀린 뿌리",
  "minecraft:potted_white_tulip": "화분에 심은 하얀색 튤립",
  "minecraft:potted_wither_rose": "화분에 심은 위더 장미",
  "minecraft:powder_snow": "가루눈",
  "minecraft:powder_snow_bucket": "가루눈 양동이",
  "minecraft:powder_snow_cauldron": "가루눈 가마솥",
  "minecraft:powered_rail": "전동 레일",
  "minecraft:prismarine": "프리즈머린",
  "minecraft:prismarine_brick_slab": "프리즈머린 벽돌 반 블록",
  "minecraft:prismarine_brick_stairs": "프리즈머린 벽돌 계단",
  "minecraft:prismarine_bricks": "프리즈머린 벽돌",
  "minecraft:prismarine_crystals": "프리즈머린 수정",
  "minecraft:prismarine_shard": "프리즈머린 조각",
  "minecraft:prismarine_slab": "프리즈머린 반 블록",
  "minecraft:prismarine_stairs": "프리즈머린 계단",
  "minecraft:prismarine_wall": "프리즈머린 담장",
  "minecraft:pufferfish": "복어",
  "minecraft:pufferfish_bucket": "복어가 담긴 양동이",
  "minecraft:pufferfish_spawn_egg": "복어 생성 알",
  "minecraft:pumpkin": "호박",
  "minecraft:pumpkin_pie": "호박 파이",
  "minecraft:pumpkin_seeds": "호박씨",
  "minecraft:pumpkin_stem": "호박 줄기",
  "minecraft:purple_banner": "보라색 현수막",
  "minecraft:purple_bed": "보라색 침대",
  "minecraft:purple_candle": "보라색 초",
  "minecraft:purple_candle_cake": "보라색 초를 꽂은 케이크",
  "minecraft:purple_carpet": "보라색 양탄자",
  "minecraft:purple_concrete": "보라색 콘크리트",
  "minecraft:purple_concrete_powder": "보라색 콘크리트 가루",
  "minecraft:purple_dye": "보라색 염료",
  "minecraft:purple_glazed_terracotta": "보라색 유광 테라코타",
  "minecraft:purple_shulker_box": "보라색 셜커 상자",
  "minecraft:purple_stained_glass": "보라색 색유리",
  "minecraft:purple_stained_glass_pane": "보라색 색유리 판",
  "minecraft:purple_terracotta": "보라색 테라코타",
  "minecraft:purple_wool": "보라색 양털",
  "minecraft:purpur_block": "퍼퍼 블록",
  "minecraft:purpur_pillar": "퍼퍼 기둥",
  "minecraft:purpur_slab": "퍼퍼 반 블록",
  "minecraft:purpur_stairs": "퍼퍼 계단",
  "minecraft:quartz": "네더 석영",
  "minecraft:quartz_block": "석영 블록",
  "minecraft:quartz_bricks": "석영 벽돌",
  "minecraft:quartz_pillar": "석영 기둥",
  "minecraft:quartz_slab": "석영 반 블록",
  "minecraft:quartz_stairs": "석영 계단",
  "minecraft:rabbit": "익히지 않은 토끼고기",
  "minecraft:rabbit_foot": "토끼발",
  "minecraft:rabbit_hide": "토끼 가죽",
  "minecraft:rabbit_spawn_egg": "토끼 생성 알",
  "minecraft:rabbit_stew": "토끼 스튜",
  "minecraft:rail": "레일",
  "minecraft:ravager_spawn_egg": "파괴수 생성 알",
  "minecraft:raw_copper": "구리 원석",
  "minecraft:raw_copper_block": "구리 원석 블록",
  "minecraft:raw_gold": "금 원석",
  "minecraft:raw_gold_block": "금 원석 블록",
  "minecraft:raw_iron": "철 원석",
  "minecraft:raw_iron_block": "철 원석 블록",
  "minecraft:recovery_compass": "만회 나침반",
  "minecraft:red_banner": "빨간색 현수막",
  "minecraft:red_bed": "빨간색 침대",
  "minecraft:red_candle": "빨간색 초",
  "minecraft:red_candle_cake": "빨간색 초를 꽂은 케이크",
  "minecraft:red_carpet": "빨간색 양탄자",
  "minecraft:red_concrete": "빨간색 콘크리트",
  "minecraft:red_concrete_powder": "빨간색 콘크리트 가루",
  "minecraft:red_dye": "빨간색 염료",
  "minecraft:red_glazed_terracotta": "빨간색 유광 테라코타",
  "minecraft:red_mushroom": "빨간색 버섯",
  "minecraft:red_mushroom_block": "빨간색 버섯 블록",
  "minecraft:red_nether_brick_slab": "붉은 네더 벽돌 반 블록",
  "minecraft:red_nether_brick_stairs": "붉은 네더 벽돌 계단",
  "minecraft:red_nether_brick_wall": "붉은 네더 벽돌 담장",
  "minecraft:red_nether_bricks": "붉은 네더 벽돌",
  "minecraft:red_sand": "붉은 모래",
  "minecraft:red_sandstone": "붉은 사암",
  "minecraft:red_sandstone_slab": "붉은 사암 반 블록",
  "minecraft:red_sandstone_stairs": "붉은 사암 계단",
  "minecraft:red_sandstone_wall": "붉은 사암 담장",
  "minecraft:red_shulker_box": "빨간색 셜커 상자",
  "minecraft:red_stained_glass": "빨간색 색유리",
  "minecraft:red_stained_glass_pane": "빨간색 색유리 판",
  "minecraft:red_terracotta": "빨간색 테라코타",
  "minecraft:red_tulip": "빨간색 튤립",
  "minecraft:red_wool": "빨간색 양털",
  "minecraft:redstone": "레드스톤 가루",
  "minecraft:redstone_block": "레드스톤 블록",
  "minecraft:redstone_lamp": "레드스톤 조명",
  "minecraft:redstone_ore": "레드스톤 광석",
  "minecraft:redstone_torch": "레드스톤 횃불",
  "minecraft:redstone_wall_torch": "레드스톤 벽 횃불",
  "minecraft:redstone_wire": "레드스톤 선",
  "minecraft:reinforced_deepslate": "보강된 심층암",
  "minecraft:repeater": "레드스톤 중계기",
  "minecraft:repeating_command_block": "반복형 명령 블록",
  "minecraft:respawn_anchor": "리스폰 정박기",
  "minecraft:rooted_dirt": "뿌리내린 흙",
  "minecraft:rose_bush": "장미 덤불",
  "minecraft:rotten_flesh": "썩은 살점",
  "minecraft:saddle": "안장",
  "minecraft:salmon": "익히지 않은 연어",
  "minecraft:salmon_bucket": "연어가 담긴 양동이",
  "minecraft:salmon_spawn_egg": "연어 생성 알",
  "minecraft:sand": "모래",
  "minecraft:sandstone": "사암",
  "minecraft:sandstone_slab": "사암 반 블록",
  "minecraft:sandstone_stairs": "사암 계단",
  "minecraft:sandstone_wall": "사암 담장",
  "minecraft:scaffolding": "비계",
  "minecraft:sculk": "스컬크",
  "minecraft:sculk_catalyst": "스컬크 촉매",
  "minecraft:sculk_sensor": "스컬크 감지체",
  "minecraft:sculk_shrieker": "스컬크 비명체",
  "minecraft:sculk_vein": "스컬크 정맥",
  "minecraft:scute": "인갑",
  "minecraft:sea_lantern": "바다 랜턴",
  "minecraft:sea_pickle": "불우렁쉥이",
  "minecraft:seagrass": "해초",
  "minecraft:set_spawn": "리스폰 지점을 설정했습니다",
  "minecraft:shears": "가위",
  "minecraft:sheep_spawn_egg": "양 생성 알",
  "minecraft:shield": "방패",
  "minecraft:shield:black": "검은색 방패",
  "minecraft:shield:blue": "파란색 방패",
  "minecraft:shield:brown": "갈색 방패",
  "minecraft:shield:cyan": "청록색 방패",
  "minecraft:shield:gray": "회색 방패",
  "minecraft:shield:green": "초록색 방패",
  "minecraft:shield:light_blue": "하늘색 방패",
  "minecraft:shield:light_gray": "회백색 방패",
  "minecraft:shield:lime": "연두색 방패",
  "minecraft:shield:magenta": "자홍색 방패",
  "minecraft:shield:orange": "주황색 방패",
  "minecraft:shield:pink": "분홍색 방패",
  "minecraft:shield:purple": "보라색 방패",
  "minecraft:shield:red": "빨간색 방패",
  "minecraft:shield:white": "하얀색 방패",
  "minecraft:shield:yellow": "노란색 방패",
  "minecraft:shroomlight": "버섯불",
  "minecraft:shulker_box": "셜커 상자",
  "minecraft:shulker_shell": "셜커 껍데기",
  "minecraft:shulker_spawn_egg": "셜커 생성 알",
  "minecraft:sign": "표지판",
  "minecraft:silverfish_spawn_egg": "좀벌레 생성 알",
  "minecraft:skeleton_horse_spawn_egg": "스켈레톤 말 생성 알",
  "minecraft:skeleton_skull": "스켈레톤 해골",
  "minecraft:skeleton_spawn_egg": "스켈레톤 생성 알",
  "minecraft:skeleton_wall_skull": "스켈레톤 벽 해골",
  "minecraft:skull_banner_pattern": "현수막 무늬",
  "minecraft:skull_banner_pattern:desc": "해골 모양",
  "minecraft:slime_ball": "슬라임볼",
  "minecraft:slime_block": "슬라임 블록",
  "minecraft:slime_spawn_egg": "슬라임 생성 알",
  "minecraft:small_amethyst_bud": "작은 자수정 봉오리",
  "minecraft:small_dripleaf": "작은 흘림잎",
  "minecraft:smithing_table": "대장장이 작업대",
  "minecraft:smoker": "훈연기",
  "minecraft:smooth_basalt": "매끄러운 현무암",
  "minecraft:smooth_quartz": "매끄러운 석영 블록",
  "minecraft:smooth_quartz_slab": "매끄러운 석영 반 블록",
  "minecraft:smooth_quartz_stairs": "매끄러운 석영 계단",
  "minecraft:smooth_red_sandstone": "매끄러운 붉은 사암",
  "minecraft:smooth_red_sandstone_slab": "매끄러운 붉은 사암 반 블록",
  "minecraft:smooth_red_sandstone_stairs": "매끄러운 붉은 사암 계단",
  "minecraft:smooth_sandstone": "매끄러운 사암",
  "minecraft:smooth_sandstone_slab": "매끄러운 사암 반 블록",
  "minecraft:smooth_sandstone_stairs": "매끄러운 사암 계단",
  "minecraft:smooth_stone": "매끄러운 돌",
  "minecraft:smooth_stone_slab": "매끄러운 돌 반 블록",
  "minecraft:snow": "눈",
  "minecraft:snow_block": "눈 블록",
  "minecraft:snowball": "눈덩이",
  "minecraft:soul_campfire": "영혼 모닥불",
  "minecraft:soul_fire": "영혼 불",
  "minecraft:soul_lantern": "영혼 랜턴",
  "minecraft:soul_sand": "영혼 모래",
  "minecraft:soul_soil": "영혼 흙",
  "minecraft:soul_torch": "영혼 횃불",
  "minecraft:soul_wall_torch": "영혼 벽 횃불",
  "minecraft:spawn:not_valid": "당신의 집 침대 또는 충전된 리스폰 정박기가 없거나, 가로막혀 있습니다",
  "minecraft:spawner": "생성기",
  "minecraft:spectral_arrow": "분광 화살",
  "minecraft:spider_eye": "거미 눈",
  "minecraft:spider_spawn_egg": "거미 생성 알",
  "minecraft:splash_potion": "투척용 물약",
  "minecraft:splash_potion:effect:awkward": "투척용 어색한 물약",
  "minecraft:splash_potion:effect:empty": "투척용 제작 불가능 물약",
  "minecraft:splash_potion:effect:fire_resistance": "투척용 화염 저항의 물약",
  "minecraft:splash_potion:effect:harming": "투척용 고통의 물약",
  "minecraft:splash_potion:effect:healing": "투척용 치유의 물약",
  "minecraft:splash_potion:effect:invisibility": "투척용 투명화 물약",
  "minecraft:splash_potion:effect:leaping": "투척용 도약의 물약",
  "minecraft:splash_potion:effect:levitation": "투척용 공중 부양의 물약",
  "minecraft:splash_potion:effect:luck": "투척용 행운의 물약",
  "minecraft:splash_potion:effect:mundane": "투척용 평범한 물약",
  "minecraft:splash_potion:effect:night_vision": "투척용 야간 투시의 물약",
  "minecraft:splash_potion:effect:poison": "투척용 독 물약",
  "minecraft:splash_potion:effect:regeneration": "투척용 재생의 물약",
  "minecraft:splash_potion:effect:slow_falling": "투척용 느린 낙하의 물약",
  "minecraft:splash_potion:effect:slowness": "투척용 감속의 물약",
  "minecraft:splash_potion:effect:strength": "투척용 힘의 물약",
  "minecraft:splash_potion:effect:swiftness": "투척용 신속의 물약",
  "minecraft:splash_potion:effect:thick": "투척용 진한 물약",
  "minecraft:splash_potion:effect:turtle_master": "투척용 거북 도사의 물약",
  "minecraft:splash_potion:effect:water": "투척용 물병",
  "minecraft:splash_potion:effect:water_breathing": "투척용 수중 호흡의 물약",
  "minecraft:splash_potion:effect:weakness": "투척용 나약함의 물약",
  "minecraft:sponge": "스펀지",
  "minecraft:spore_blossom": "포자 꽃",
  "minecraft:spruce_boat": "가문비나무 보트",
  "minecraft:spruce_button": "가문비나무 버튼",
  "minecraft:spruce_chest_boat": "상자가 실린 가문비나무 보트",
  "minecraft:spruce_door": "가문비나무 문",
  "minecraft:spruce_fence": "가문비나무 울타리",
  "minecraft:spruce_fence_gate": "가문비나무 울타리 문",
  "minecraft:spruce_leaves": "가문비나무 잎",
  "minecraft:spruce_log": "가문비나무 원목",
  "minecraft:spruce_planks": "가문비나무 판자",
  "minecraft:spruce_pressure_plate": "가문비나무 압력판",
  "minecraft:spruce_sapling": "가문비나무 묘목",
  "minecraft:spruce_sign": "가문비나무 표지판",
  "minecraft:spruce_slab": "가문비나무 반 블록",
  "minecraft:spruce_stairs": "가문비나무 계단",
  "minecraft:spruce_trapdoor": "가문비나무 다락문",
  "minecraft:spruce_wall_sign": "가문비나무 벽 표지판",
  "minecraft:spruce_wood": "가문비나무",
  "minecraft:spyglass": "망원경",
  "minecraft:squid_spawn_egg": "오징어 생성 알",
  "minecraft:stick": "막대기",
  "minecraft:sticky_piston": "끈끈이 피스톤",
  "minecraft:stone": "돌",
  "minecraft:stone_axe": "돌 도끼",
  "minecraft:stone_brick_slab": "석재 벽돌 반 블록",
  "minecraft:stone_brick_stairs": "석재 벽돌 계단",
  "minecraft:stone_brick_wall": "석재 벽돌 담장",
  "minecraft:stone_bricks": "석재 벽돌",
  "minecraft:stone_button": "돌 버튼",
  "minecraft:stone_hoe": "돌 괭이",
  "minecraft:stone_pickaxe": "돌 곡괭이",
  "minecraft:stone_pressure_plate": "돌 압력판",
  "minecraft:stone_shovel": "돌 삽",
  "minecraft:stone_slab": "돌 반 블록",
  "minecraft:stone_stairs": "돌 계단",
  "minecraft:stone_sword": "돌 검",
  "minecraft:stonecutter": "석재 절단기",
  "minecraft:stray_spawn_egg": "스트레이 생성 알",
  "minecraft:strider_spawn_egg": "스트라이더 생성 알",
  "minecraft:string": "실",
  "minecraft:stripped_acacia_log": "껍질 벗긴 아카시아나무 원목",
  "minecraft:stripped_acacia_wood": "껍질 벗긴 아카시아나무",
  "minecraft:stripped_birch_log": "껍질 벗긴 자작나무 원목",
  "minecraft:stripped_birch_wood": "껍질 벗긴 자작나무",
  "minecraft:stripped_crimson_hyphae": "껍질 벗긴 진홍빛 균사",
  "minecraft:stripped_crimson_stem": "껍질 벗긴 진홍빛 자루",
  "minecraft:stripped_dark_oak_log": "껍질 벗긴 짙은 참나무 원목",
  "minecraft:stripped_dark_oak_wood": "껍질 벗긴 짙은 참나무",
  "minecraft:stripped_jungle_log": "껍질 벗긴 정글나무 원목",
  "minecraft:stripped_jungle_wood": "껍질 벗긴 정글나무",
  "minecraft:stripped_mangrove_log": "껍질 벗긴 맹그로브나무 원목",
  "minecraft:stripped_mangrove_wood": "껍질 벗긴 맹그로브나무",
  "minecraft:stripped_oak_log": "껍질 벗긴 참나무 원목",
  "minecraft:stripped_oak_wood": "껍질 벗긴 참나무",
  "minecraft:stripped_spruce_log": "껍질 벗긴 가문비나무 원목",
  "minecraft:stripped_spruce_wood": "껍질 벗긴 가문비나무",
  "minecraft:stripped_warped_hyphae": "껍질 벗긴 뒤틀린 균사",
  "minecraft:stripped_warped_stem": "껍질 벗긴 뒤틀린 자루",
  "minecraft:structure_block": "구조물 블록",
  "minecraft:structure_void": "구조물 공허 공간",
  "minecraft:sugar": "설탕",
  "minecraft:sugar_cane": "사탕수수",
  "minecraft:sunflower": "해바라기",
  "minecraft:suspicious_stew": "수상한 스튜",
  "minecraft:sweet_berries": "달콤한 열매",
  "minecraft:sweet_berry_bush": "달콤한 열매 덤불",
  "minecraft:tadpole_bucket": "올챙이가 담긴 양동이",
  "minecraft:tadpole_spawn_egg": "올챙이 생성 알",
  "minecraft:tall_grass": "키 큰 잔디",
  "minecraft:tall_seagrass": "키 큰 해초",
  "minecraft:target": "과녁",
  "minecraft:terracotta": "테라코타",
  "minecraft:tinted_glass": "차광 유리",
  "minecraft:tipped_arrow": "물약이 묻은 화살",
  "minecraft:tipped_arrow:effect:awkward": "물약이 묻은 화살",
  "minecraft:tipped_arrow:effect:empty": "물약이 묻은 제작 불가능 화살",
  "minecraft:tipped_arrow:effect:fire_resistance": "화염 저항의 화살",
  "minecraft:tipped_arrow:effect:harming": "고통의 화살",
  "minecraft:tipped_arrow:effect:healing": "치유의 화살",
  "minecraft:tipped_arrow:effect:invisibility": "투명화 화살",
  "minecraft:tipped_arrow:effect:leaping": "도약의 화살",
  "minecraft:tipped_arrow:effect:levitation": "공중 부양의 화살",
  "minecraft:tipped_arrow:effect:luck": "행운의 화살",
  "minecraft:tipped_arrow:effect:mundane": "물약이 묻은 화살",
  "minecraft:tipped_arrow:effect:night_vision": "야간 투시의 화살",
  "minecraft:tipped_arrow:effect:poison": "독 화살",
  "minecraft:tipped_arrow:effect:regeneration": "재생의 화살",
  "minecraft:tipped_arrow:effect:slow_falling": "느린 낙하의 화살",
  "minecraft:tipped_arrow:effect:slowness": "감속의 화살",
  "minecraft:tipped_arrow:effect:strength": "힘의 화살",
  "minecraft:tipped_arrow:effect:swiftness": "신속의 화살",
  "minecraft:tipped_arrow:effect:thick": "물약이 묻은 화살",
  "minecraft:tipped_arrow:effect:turtle_master": "거북 도사의 화살",
  "minecraft:tipped_arrow:effect:water": "분무 화살",
  "minecraft:tipped_arrow:effect:water_breathing": "수중 호흡의 화살",
  "minecraft:tipped_arrow:effect:weakness": "나약함의 화살",
  "minecraft:tnt": "TNT",
  "minecraft:tnt_minecart": "TNT가 실린 광산 수레",
  "minecraft:torch": "횃불",
  "minecraft:totem_of_undying": "불사의 토템",
  "minecraft:trader_llama_spawn_egg": "상인 라마 생성 알",
  "minecraft:trapped_chest": "덫 상자",
  "minecraft:trident": "삼지창",
  "minecraft:tripwire": "철사 덫",
  "minecraft:tripwire_hook": "철사 덫 갈고리",
  "minecraft:tropical_fish": "열대어",
  "minecraft:tropical_fish_bucket": "열대어가 담긴 양동이",
  "minecraft:tropical_fish_spawn_egg": "열대어 생성 알",
  "minecraft:tube_coral": "관 산호",
  "minecraft:tube_coral_block": "관 산호 블록",
  "minecraft:tube_coral_fan": "부채형 관 산호",
  "minecraft:tube_coral_wall_fan": "부채형 관 산호 벽",
  "minecraft:tuff": "응회암",
  "minecraft:turtle_egg": "거북 알",
  "minecraft:turtle_helmet": "거북 등딱지",
  "minecraft:turtle_spawn_egg": "거북 생성 알",
  "minecraft:twisting_vines": "휘어진 덩굴",
  "minecraft:twisting_vines_plant": "휘어진 덩굴 식물",
  "minecraft:verdant_froglight": "잔딧빛 개구리불",
  "minecraft:vex_spawn_egg": "벡스 생성 알",
  "minecraft:villager_spawn_egg": "주민 생성 알",
  "minecraft:vindicator_spawn_egg": "변명자 생성 알",
  "minecraft:vine": "덩굴",
  "minecraft:void_air": "공허 공기",
  "minecraft:wall_torch": "벽 횃불",
  "minecraft:wandering_trader_spawn_egg": "떠돌이 상인 생성 알",
  "minecraft:warden_spawn_egg": "워든 생성 알",
  "minecraft:warped_button": "뒤틀린 버튼",
  "minecraft:warped_door": "뒤틀린 문",
  "minecraft:warped_fence": "뒤틀린 울타리",
  "minecraft:warped_fence_gate": "뒤틀린 울타리 문",
  "minecraft:warped_fungus": "뒤틀린 균",
  "minecraft:warped_fungus_on_a_stick": "뒤틀린 균 낚싯대",
  "minecraft:warped_hyphae": "뒤틀린 균사",
  "minecraft:warped_nylium": "뒤틀린 네사체",
  "minecraft:warped_planks": "뒤틀린 판자",
  "minecraft:warped_pressure_plate": "뒤틀린 압력판",
  "minecraft:warped_roots": "뒤틀린 뿌리",
  "minecraft:warped_sign": "뒤틀린 표지판",
  "minecraft:warped_slab": "뒤틀린 반 블록",
  "minecraft:warped_stairs": "뒤틀린 계단",
  "minecraft:warped_stem": "뒤틀린 자루",
  "minecraft:warped_trapdoor": "뒤틀린 다락문",
  "minecraft:warped_wall_sign": "뒤틀린 벽 표지판",
  "minecraft:warped_wart_block": "뒤틀린 사마귀 블록",
  "minecraft:water": "물",
  "minecraft:water_bucket": "물 양동이",
  "minecraft:water_cauldron": "물 가마솥",
  "minecraft:waxed_copper_block": "밀랍칠한 구리 블록",
  "minecraft:waxed_cut_copper": "밀랍칠한 깎인 구리",
  "minecraft:waxed_cut_copper_slab": "밀랍칠한 깎인 구리 반 블록",
  "minecraft:waxed_cut_copper_stairs": "밀랍칠한 깎인 구리 계단",
  "minecraft:waxed_exposed_copper": "밀랍칠한 약간 녹슨 구리",
  "minecraft:waxed_exposed_cut_copper": "밀랍칠한 약간 녹슨 깎인 구리",
  "minecraft:waxed_exposed_cut_copper_slab": "밀랍칠한 약간 녹슨 깎인 구리 반 블록",
  "minecraft:waxed_exposed_cut_copper_stairs": "밀랍칠한 약간 녹슨 깎인 구리 계단",
  "minecraft:waxed_oxidized_copper": "밀랍칠한 산화된 구리",
  "minecraft:waxed_oxidized_cut_copper": "밀랍칠한 산화된 깎인 구리",
  "minecraft:waxed_oxidized_cut_copper_slab": "밀랍칠한 산화된 깎인 구리 반 블록",
  "minecraft:waxed_oxidized_cut_copper_stairs": "밀랍칠한 산화된 깎인 구리 계단",
  "minecraft:waxed_weathered_copper": "밀랍칠한 녹슨 구리",
  "minecraft:waxed_weathered_cut_copper": "밀랍칠한 녹슨 깎인 구리",
  "minecraft:waxed_weathered_cut_copper_slab": "밀랍칠한 녹슨 깎인 구리 반 블록",
  "minecraft:waxed_weathered_cut_copper_stairs": "밀랍칠한 녹슨 깎인 구리 계단",
  "minecraft:weathered_copper": "녹슨 구리",
  "minecraft:weathered_cut_copper": "녹슨 깎인 구리",
  "minecraft:weathered_cut_copper_slab": "녹슨 깎인 구리 반 블록",
  "minecraft:weathered_cut_copper_stairs": "녹슨 깎인 구리 계단",
  "minecraft:weeping_vines": "늘어진 덩굴",
  "minecraft:weeping_vines_plant": "늘어진 덩굴 식물",
  "minecraft:wet_sponge": "젖은 스펀지",
  "minecraft:wheat": "밀",
  "minecraft:wheat_seeds": "밀 씨앗",
  "minecraft:white_banner": "하얀색 현수막",
  "minecraft:white_bed": "하얀색 침대",
  "minecraft:white_candle": "하얀색 초",
  "minecraft:white_candle_cake": "하얀색 초를 꽂은 케이크",
  "minecraft:white_carpet": "하얀색 양탄자",
  "minecraft:white_concrete": "하얀색 콘크리트",
  "minecraft:white_concrete_powder": "하얀색 콘크리트 가루",
  "minecraft:white_dye": "하얀색 염료",
  "minecraft:white_glazed_terracotta": "하얀색 유광 테라코타",
  "minecraft:white_shulker_box": "하얀색 셜커 상자",
  "minecraft:white_stained_glass": "하얀색 색유리",
  "minecraft:white_stained_glass_pane": "하얀색 색유리 판",
  "minecraft:white_terracotta": "하얀색 테라코타",
  "minecraft:white_tulip": "하얀색 튤립",
  "minecraft:white_wool": "하얀색 양털",
  "minecraft:witch_spawn_egg": "마녀 생성 알",
  "minecraft:wither_rose": "위더 장미",
  "minecraft:wither_skeleton_skull": "위더 스켈레톤 해골",
  "minecraft:wither_skeleton_spawn_egg": "위더 스켈레톤 생성 알",
  "minecraft:wither_skeleton_wall_skull": "위더 스켈레톤 벽 해골",
  "minecraft:wolf_spawn_egg": "늑대 생성 알",
  "minecraft:wooden_axe": "나무 도끼",
  "minecraft:wooden_hoe": "나무 괭이",
  "minecraft:wooden_pickaxe": "나무 곡괭이",
  "minecraft:wooden_shovel": "나무 삽",
  "minecraft:wooden_sword": "나무 검",
  "minecraft:writable_book": "책과 깃펜",
  "minecraft:written_book": "글이 쓰인 책",
  "minecraft:yellow_banner": "노란색 현수막",
  "minecraft:yellow_bed": "노란색 침대",
  "minecraft:yellow_candle": "노란색 초",
  "minecraft:yellow_candle_cake": "노란색 초를 꽂은 케이크",
  "minecraft:yellow_carpet": "노란색 양탄자",
  "minecraft:yellow_concrete": "노란색 콘크리트",
  "minecraft:yellow_concrete_powder": "노란색 콘크리트 가루",
  "minecraft:yellow_dye": "노란색 염료",
  "minecraft:yellow_glazed_terracotta": "노란색 유광 테라코타",
  "minecraft:yellow_shulker_box": "노란색 셜커 상자",
  "minecraft:yellow_stained_glass": "노란색 색유리",
  "minecraft:yellow_stained_glass_pane": "노란색 색유리 판",
  "minecraft:yellow_terracotta": "노란색 테라코타",
  "minecraft:yellow_wool": "노란색 양털",
  "minecraft:zoglin_spawn_egg": "조글린 생성 알",
  "minecraft:zombie_head": "좀비 머리",
  "minecraft:zombie_horse_spawn_egg": "좀비 말 생성 알",
  "minecraft:zombie_spawn_egg": "좀비 생성 알",
  "minecraft:zombie_villager_spawn_egg": "좀비 주민 생성 알",
  "minecraft:zombie_wall_head": "좀비 벽 머리",
  "minecraft:zombified_piglin_spawn_egg": "좀비화 피글린 생성 알",
  "modifiers:chest": "몸에 있을 때:",
  "modifiers:feet": "발에 있을 때:",
  "modifiers:head": "머리에 있을 때:",
  "modifiers:legs": "다리에 있을 때:",
  "modifiers:mainhand": "주로 사용하는 손에 있을 때:",
  "modifiers:offhand": "다른 손에 있을 때:",
  "nbt_tags": "NBT: 태그 %s개",
  "unbreakable": "부서지지 않음",
}
`;
